../Core/Src/main.c:171:13:metadata_load_or_default	2
../Core/Src/main.c:180:26:metadata_write	6
../Core/Src/main.c:244:5:main	63
../Core/Src/main.c:1323:6:SystemClock_Config	4
../Core/Src/main.c:1371:13:goto_application	1
../Core/Src/main.c:1401:16:is_valid_application	6
../Core/Src/main.c:1420:13:deinit_bootloader_context	2
../Core/Src/main.c:1459:10:g_CRC_calc_continue	2
../Core/Src/main.c:1473:10:g_CRC_calc	1
../Core/Src/main.c:1481:10:g_update_crc	3
../Core/Src/main.c:1501:6:Enable_PWM	1
../Core/Src/main.c:1505:6:Disable_PWM	1
../Core/Src/main.c:1508:6:Brigthness_Control	2
../Core/Src/main.c:1525:6:HAL_TIM_PeriodElapsedCallback	2
../Core/Src/main.c:1536:6:HAL_UART_RxCpltCallback	3
../Core/Src/main.c:1549:9:isFlashEmpty	3
../Core/Src/main.c:1565:6:Error_Handler	1
../Core/Src/main.c:1590:6:assert_failed	1
