../Core/Src/External_DAC.c:133:6:configure_registers	16	static
../Core/Src/External_DAC.c:204:6:AD9106_ConfigureDDS	16	static
../Core/Src/External_DAC.c:215:6:AD9106_SetDACGain	24	static
../Core/Src/External_DAC.c:221:6:AD9106_SetDACOffset	24	static
../Core/Src/External_DAC.c:227:6:AD9106_EnablePatternGeneration	8	static
../Core/Src/External_DAC.c:239:6:AD9106_Init_Extended	16	static
../Core/Src/External_DAC.c:257:6:AD9106_WriteRegister	24	static
../Core/Src/External_DAC.c:278:6:AD9106_WriteRegister_DAC1	24	static
../Core/Src/External_DAC.c:296:6:AD9106_WriteRegister_DAC2	24	static
../Core/Src/External_DAC.c:316:11:AD9106_ReadRegister	32	static
../Core/Src/External_DAC.c:338:6:ExtDac_Config	8	static
