Archive member included to satisfy reference by file (symbol)

C:/ST/STM32CubeIDE_2.0.0/STM32CubeIDE/plugins/com.st.stm32cube.ide.mcu.externaltools.gnu-tools-for-stm32.13.3.rel1.win32_1.0.100.202509120712/tools/bin/../lib/gcc/arm-none-eabi/13.3.1/../../../../arm-none-eabi/lib/thumb/v7e-m+fp/hard\libc_nano.a(libc_a-exit.o)
                              C:/ST/STM32CubeIDE_2.0.0/STM32CubeIDE/plugins/com.st.stm32cube.ide.mcu.externaltools.gnu-tools-for-stm32.13.3.rel1.win32_1.0.100.202509120712/tools/bin/../lib/gcc/arm-none-eabi/13.3.1/../../../../arm-none-eabi/lib/thumb/v7e-m+fp/hard/crt0.o (exit)
C:/ST/STM32CubeIDE_2.0.0/STM32CubeIDE/plugins/com.st.stm32cube.ide.mcu.externaltools.gnu-tools-for-stm32.13.3.rel1.win32_1.0.100.202509120712/tools/bin/../lib/gcc/arm-none-eabi/13.3.1/../../../../arm-none-eabi/lib/thumb/v7e-m+fp/hard\libc_nano.a(libc_a-findfp.o)
                              C:/ST/STM32CubeIDE_2.0.0/STM32CubeIDE/plugins/com.st.stm32cube.ide.mcu.externaltools.gnu-tools-for-stm32.13.3.rel1.win32_1.0.100.202509120712/tools/bin/../lib/gcc/arm-none-eabi/13.3.1/../../../../arm-none-eabi/lib/thumb/v7e-m+fp/hard\libc_nano.a(libc_a-exit.o) (__stdio_exit_handler)
C:/ST/STM32CubeIDE_2.0.0/STM32CubeIDE/plugins/com.st.stm32cube.ide.mcu.externaltools.gnu-tools-for-stm32.13.3.rel1.win32_1.0.100.202509120712/tools/bin/../lib/gcc/arm-none-eabi/13.3.1/../../../../arm-none-eabi/lib/thumb/v7e-m+fp/hard\libc_nano.a(libc_a-fwalk.o)
                              C:/ST/STM32CubeIDE_2.0.0/STM32CubeIDE/plugins/com.st.stm32cube.ide.mcu.externaltools.gnu-tools-for-stm32.13.3.rel1.win32_1.0.100.202509120712/tools/bin/../lib/gcc/arm-none-eabi/13.3.1/../../../../arm-none-eabi/lib/thumb/v7e-m+fp/hard\libc_nano.a(libc_a-findfp.o) (_fwalk_sglue)
C:/ST/STM32CubeIDE_2.0.0/STM32CubeIDE/plugins/com.st.stm32cube.ide.mcu.externaltools.gnu-tools-for-stm32.13.3.rel1.win32_1.0.100.202509120712/tools/bin/../lib/gcc/arm-none-eabi/13.3.1/../../../../arm-none-eabi/lib/thumb/v7e-m+fp/hard\libc_nano.a(libc_a-stdio.o)
                              C:/ST/STM32CubeIDE_2.0.0/STM32CubeIDE/plugins/com.st.stm32cube.ide.mcu.externaltools.gnu-tools-for-stm32.13.3.rel1.win32_1.0.100.202509120712/tools/bin/../lib/gcc/arm-none-eabi/13.3.1/../../../../arm-none-eabi/lib/thumb/v7e-m+fp/hard\libc_nano.a(libc_a-findfp.o) (__sread)
C:/ST/STM32CubeIDE_2.0.0/STM32CubeIDE/plugins/com.st.stm32cube.ide.mcu.externaltools.gnu-tools-for-stm32.13.3.rel1.win32_1.0.100.202509120712/tools/bin/../lib/gcc/arm-none-eabi/13.3.1/../../../../arm-none-eabi/lib/thumb/v7e-m+fp/hard\libc_nano.a(libc_a-memcmp.o)
                              ./Core/Src/Post.o (memcmp)
C:/ST/STM32CubeIDE_2.0.0/STM32CubeIDE/plugins/com.st.stm32cube.ide.mcu.externaltools.gnu-tools-for-stm32.13.3.rel1.win32_1.0.100.202509120712/tools/bin/../lib/gcc/arm-none-eabi/13.3.1/../../../../arm-none-eabi/lib/thumb/v7e-m+fp/hard\libc_nano.a(libc_a-memset.o)
                              C:/ST/STM32CubeIDE_2.0.0/STM32CubeIDE/plugins/com.st.stm32cube.ide.mcu.externaltools.gnu-tools-for-stm32.13.3.rel1.win32_1.0.100.202509120712/tools/bin/../lib/gcc/arm-none-eabi/13.3.1/../../../../arm-none-eabi/lib/thumb/v7e-m+fp/hard/crt0.o (memset)
C:/ST/STM32CubeIDE_2.0.0/STM32CubeIDE/plugins/com.st.stm32cube.ide.mcu.externaltools.gnu-tools-for-stm32.13.3.rel1.win32_1.0.100.202509120712/tools/bin/../lib/gcc/arm-none-eabi/13.3.1/../../../../arm-none-eabi/lib/thumb/v7e-m+fp/hard\libc_nano.a(libc_a-closer.o)
                              C:/ST/STM32CubeIDE_2.0.0/STM32CubeIDE/plugins/com.st.stm32cube.ide.mcu.externaltools.gnu-tools-for-stm32.13.3.rel1.win32_1.0.100.202509120712/tools/bin/../lib/gcc/arm-none-eabi/13.3.1/../../../../arm-none-eabi/lib/thumb/v7e-m+fp/hard\libc_nano.a(libc_a-stdio.o) (_close_r)
C:/ST/STM32CubeIDE_2.0.0/STM32CubeIDE/plugins/com.st.stm32cube.ide.mcu.externaltools.gnu-tools-for-stm32.13.3.rel1.win32_1.0.100.202509120712/tools/bin/../lib/gcc/arm-none-eabi/13.3.1/../../../../arm-none-eabi/lib/thumb/v7e-m+fp/hard\libc_nano.a(libc_a-reent.o)
                              C:/ST/STM32CubeIDE_2.0.0/STM32CubeIDE/plugins/com.st.stm32cube.ide.mcu.externaltools.gnu-tools-for-stm32.13.3.rel1.win32_1.0.100.202509120712/tools/bin/../lib/gcc/arm-none-eabi/13.3.1/../../../../arm-none-eabi/lib/thumb/v7e-m+fp/hard\libc_nano.a(libc_a-closer.o) (errno)
C:/ST/STM32CubeIDE_2.0.0/STM32CubeIDE/plugins/com.st.stm32cube.ide.mcu.externaltools.gnu-tools-for-stm32.13.3.rel1.win32_1.0.100.202509120712/tools/bin/../lib/gcc/arm-none-eabi/13.3.1/../../../../arm-none-eabi/lib/thumb/v7e-m+fp/hard\libc_nano.a(libc_a-impure.o)
                              C:/ST/STM32CubeIDE_2.0.0/STM32CubeIDE/plugins/com.st.stm32cube.ide.mcu.externaltools.gnu-tools-for-stm32.13.3.rel1.win32_1.0.100.202509120712/tools/bin/../lib/gcc/arm-none-eabi/13.3.1/../../../../arm-none-eabi/lib/thumb/v7e-m+fp/hard\libc_nano.a(libc_a-reent.o) (_impure_ptr)
[...]
Memory Configuration

Name             Origin             Length             Attributes
RAM              0x20000000         0x00050000         xrw
RAM2             0x10000000         0x00010000         xrw
FLASH            0x08000000         0x00020000         xr
*default*        0x00000000         0xffffffff

Linker script and memory map

LOAD C:/ST/STM32CubeIDE_2.0.0/STM32CubeIDE/plugins/com.st.stm32cube.ide.mcu.externaltools.gnu-tools-for-stm32.13.3.rel1.win32_1.0.100.202509120712/tools/bin/../lib/gcc/arm-none-eabi/13.3.1/thumb/v7e-m+fp/hard/crti.o
LOAD C:/ST/STM32CubeIDE_2.0.0/STM32CubeIDE/plugins/com.st.stm32cube.ide.mcu.externaltools.gnu-tools-for-stm32.13.3.rel1.win32_1.0.100.202509120712/tools/bin/../lib/gcc/arm-none-eabi/13.3.1/thumb/v7e-m+fp/hard/crtbegin.o
LOAD C:/ST/STM32CubeIDE_2.0.0/STM32CubeIDE/plugins/com.st.stm32cube.ide.mcu.externaltools.gnu-tools-for-stm32.13.3.rel1.win32_1.0.100.202509120712/tools/bin/../lib/gcc/arm-none-eabi/13.3.1/../../../../arm-none-eabi/lib/thumb/v7e-m+fp/hard/crt0.o
LOAD ./Core/Src/Display.o
LOAD ./Core/Src/External_ADC.o
LOAD ./Core/Src/External_DAC.o
LOAD ./Core/Src/Post.o
LOAD ./Core/Src/adc.o
LOAD ./Core/Src/gpio.o
LOAD ./Core/Src/iwdg.o
LOAD ./Core/Src/main.o
LOAD ./Core/Src/s25FL512S.o
LOAD ./Core/Src/spi.o
LOAD ./Core/Src/stm32l4xx_hal_msp.o
LOAD ./Core/Src/stm32l4xx_it.o
LOAD ./Core/Src/syscalls.o
LOAD ./Core/Src/sysmem.o
LOAD ./Core/Src/system_stm32l4xx.o
LOAD ./Core/Src/tim.o
LOAD ./Core/Src/usart.o
LOAD ./Core/Startup/startup_stm32l496zgtx.o
LOAD ./Drivers/STM32L4xx_HAL_Driver/Src/stm32l4xx_hal.o
LOAD ./Drivers/STM32L4xx_HAL_Driver/Src/stm32l4xx_hal_adc.o
LOAD ./Drivers/STM32L4xx_HAL_Driver/Src/stm32l4xx_hal_adc_ex.o
LOAD ./Drivers/STM32L4xx_HAL_Driver/Src/stm32l4xx_hal_cortex.o
LOAD ./Drivers/STM32L4xx_HAL_Driver/Src/stm32l4xx_hal_dma.o
LOAD ./Drivers/STM32L4xx_HAL_Driver/Src/stm32l4xx_hal_dma_ex.o
LOAD ./Drivers/STM32L4xx_HAL_Driver/Src/stm32l4xx_hal_exti.o
LOAD ./Drivers/STM32L4xx_HAL_Driver/Src/stm32l4xx_hal_flash.o
LOAD ./Drivers/STM32L4xx_HAL_Driver/Src/stm32l4xx_hal_flash_ex.o
LOAD ./Drivers/STM32L4xx_HAL_Driver/Src/stm32l4xx_hal_flash_ramfunc.o
LOAD ./Drivers/STM32L4xx_HAL_Driver/Src/stm32l4xx_hal_gpio.o
LOAD ./Drivers/STM32L4xx_HAL_Driver/Src/stm32l4xx_hal_i2c.o
LOAD ./Drivers/STM32L4xx_HAL_Driver/Src/stm32l4xx_hal_i2c_ex.o
LOAD ./Drivers/STM32L4xx_HAL_Driver/Src/stm32l4xx_hal_iwdg.o
LOAD ./Drivers/STM32L4xx_HAL_Driver/Src/stm32l4xx_hal_pcd.o
LOAD ./Drivers/STM32L4xx_HAL_Driver/Src/stm32l4xx_hal_pcd_ex.o
LOAD ./Drivers/STM32L4xx_HAL_Driver/Src/stm32l4xx_hal_pwr.o
LOAD ./Drivers/STM32L4xx_HAL_Driver/Src/stm32l4xx_hal_pwr_ex.o
LOAD ./Drivers/STM32L4xx_HAL_Driver/Src/stm32l4xx_hal_rcc.o
LOAD ./Drivers/STM32L4xx_HAL_Driver/Src/stm32l4xx_hal_rcc_ex.o
LOAD ./Drivers/STM32L4xx_HAL_Driver/Src/stm32l4xx_hal_spi.o
LOAD ./Drivers/STM32L4xx_HAL_Driver/Src/stm32l4xx_hal_spi_ex.o
LOAD ./Drivers/STM32L4xx_HAL_Driver/Src/stm32l4xx_hal_tim.o
LOAD ./Drivers/STM32L4xx_HAL_Driver/Src/stm32l4xx_hal_tim_ex.o
LOAD ./Drivers/STM32L4xx_HAL_Driver/Src/stm32l4xx_hal_uart.o
LOAD ./Drivers/STM32L4xx_HAL_Driver/Src/stm32l4xx_hal_uart_ex.o
LOAD ./Drivers/STM32L4xx_HAL_Driver/Src/stm32l4xx_ll_usb.o
LOAD ./Middlewares/ST/STM32_USB_Device_Library/Class/CDC/Src/usbd_cdc.o
LOAD ./Middlewares/ST/STM32_USB_Device_Library/Core/Src/usbd_core.o
LOAD ./Middlewares/ST/STM32_USB_Device_Library/Core/Src/usbd_ctlreq.o
LOAD ./Middlewares/ST/STM32_USB_Device_Library/Core/Src/usbd_ioreq.o
LOAD ./USB_DEVICE/App/usb_device.o
LOAD ./USB_DEVICE/App/usbd_cdc_if.o
LOAD ./USB_DEVICE/App/usbd_desc.o
LOAD ./USB_DEVICE/Target/usbd_conf.o
START GROUP
LOAD C:/ST/STM32CubeIDE_2.0.0/STM32CubeIDE/plugins/com.st.stm32cube.ide.mcu.externaltools.gnu-tools-for-stm32.13.3.rel1.win32_1.0.100.202509120712/tools/bin/../lib/gcc/arm-none-eabi/13.3.1/../../../../arm-none-eabi/lib/thumb/v7e-m+fp/hard\libc_nano.a
LOAD C:/ST/STM32CubeIDE_2.0.0/STM32CubeIDE/plugins/com.st.stm32cube.ide.mcu.externaltools.gnu-tools-for-stm32.13.3.rel1.win32_1.0.100.202509120712/tools/bin/../lib/gcc/arm-none-eabi/13.3.1/../../../../arm-none-eabi/lib/thumb/v7e-m+fp/hard\libm.a
END GROUP
START GROUP
LOAD C:/ST/STM32CubeIDE_2.0.0/STM32CubeIDE/plugins/com.st.stm32cube.ide.mcu.externaltools.gnu-tools-for-stm32.13.3.rel1.win32_1.0.100.202509120712/tools/bin/../lib/gcc/arm-none-eabi/13.3.1/thumb/v7e-m+fp/hard\libgcc.a
LOAD C:/ST/STM32CubeIDE_2.0.0/STM32CubeIDE/plugins/com.st.stm32cube.ide.mcu.externaltools.gnu-tools-for-stm32.13.3.rel1.win32_1.0.100.202509120712/tools/bin/../lib/gcc/arm-none-eabi/13.3.1/../../../../arm-none-eabi/lib/thumb/v7e-m+fp/hard\libc_nano.a
END GROUP
START GROUP
LOAD C:/ST/STM32CubeIDE_2.0.0/STM32CubeIDE/plugins/com.st.stm32cube.ide.mcu.externaltools.gnu-tools-for-stm32.13.3.rel1.win32_1.0.100.202509120712/tools/bin/../lib/gcc/arm-none-eabi/13.3.1/thumb/v7e-m+fp/hard\libgcc.a
LOAD C:/ST/STM32CubeIDE_2.0.0/STM32CubeIDE/plugins/com.st.stm32cube.ide.mcu.externaltools.gnu-tools-for-stm32.13.3.rel1.win32_1.0.100.202509120712/tools/bin/../lib/gcc/arm-none-eabi/13.3.1/../../../../arm-none-eabi/lib/thumb/v7e-m+fp/hard\libc_nano.a
LOAD C:/ST/STM32CubeIDE_2.0.0/STM32CubeIDE/plugins/com.st.stm32cube.ide.mcu.externaltools.gnu-tools-for-stm32.13.3.rel1.win32_1.0.100.202509120712/tools/bin/../lib/gcc/arm-none-eabi/13.3.1/../../../../arm-none-eabi/lib/thumb/v7e-m+fp/hard\libnosys.a
END GROUP
START GROUP
LOAD C:/ST/STM32CubeIDE_2.0.0/STM32CubeIDE/plugins/com.st.stm32cube.ide.mcu.externaltools.gnu-tools-for-stm32.13.3.rel1.win32_1.0.100.202509120712/tools/bin/../lib/gcc/arm-none-eabi/13.3.1/thumb/v7e-m+fp/hard\libgcc.a
LOAD C:/ST/STM32CubeIDE_2.0.0/STM32CubeIDE/plugins/com.st.stm32cube.ide.mcu.externaltools.gnu-tools-for-stm32.13.3.rel1.win32_1.0.100.202509120712/tools/bin/../lib/gcc/arm-none-eabi/13.3.1/../../../../arm-none-eabi/lib/thumb/v7e-m+fp/hard\libc_nano.a
LOAD C:/ST/STM32CubeIDE_2.0.0/STM32CubeIDE/plugins/com.st.stm32cube.ide.mcu.externaltools.gnu-tools-for-stm32.13.3.rel1.win32_1.0.100.202509120712/tools/bin/../lib/gcc/arm-none-eabi/13.3.1/../../../../arm-none-eabi/lib/thumb/v7e-m+fp/hard\libnosys.a
END GROUP
LOAD C:/ST/STM32CubeIDE_2.0.0/STM32CubeIDE/plugins/com.st.stm32cube.ide.mcu.externaltools.gnu-tools-for-stm32.13.3.rel1.win32_1.0.100.202509120712/tools/bin/../lib/gcc/arm-none-eabi/13.3.1/thumb/v7e-m+fp/hard/crtend.o
LOAD C:/ST/STM32CubeIDE_2.0.0/STM32CubeIDE/plugins/com.st.stm32cube.ide.mcu.externaltools.gnu-tools-for-stm32.13.3.rel1.win32_1.0.100.202509120712/tools/bin/../lib/gcc/arm-none-eabi/13.3.1/thumb/v7e-m+fp/hard/crtn.o
                0x20050000                        _estack = (ORIGIN (RAM) + LENGTH (RAM))
                0x00000200                        _Min_Heap_Size = 0x200
                0x00000c00                        _Min_Stack_Size = 0xc00

.isr_vector     0x08000000      0x1ac
                0x08000000                        . = ALIGN (0x4)
 *(.isr_vector)
 .isr_vector    0x08000000      0x1ac ./Core/Startup/startup_stm32l496zgtx.o
                0x08000000                g_pfnVectors
                0x080001ac                        . = ALIGN (0x4)

.text           0x080001b0    0x176c8
                0x080001b0                        . = ALIGN (0x4)
 *(.text)
 .text          0x080001b0       0x40 C:/ST/STM32CubeIDE_2.0.0/STM32CubeIDE/plugins/com.st.stm32cube.ide.mcu.externaltools.gnu-tools-for-stm32.13.3.rel1.win32_1.0.100.202509120712/tools/bin/../lib/gcc/arm-none-eabi/13.3.1/thumb/v7e-m+fp/hard/crtbegin.o
 .text          0x080001f0      0x254 C:/ST/STM32CubeIDE_2.0.0/STM32CubeIDE/plugins/com.st.stm32cube.ide.mcu.externaltools.gnu-tools-for-stm32.13.3.rel1.win32_1.0.100.202509120712/tools/bin/../lib/gcc/arm-none-eabi/13.3.1/thumb/v7e-m+fp/hard\libgcc.a(_arm_muldf3.o)
                0x080001f0                __muldf3
                0x080001f0                __aeabi_dmul
 .text          0x08000444      0x378 C:/ST/STM32CubeIDE_2.0.0/STM32CubeIDE/plugins/com.st.stm32cube.ide.mcu.externaltools.gnu-tools-for-stm32.13.3.rel1.win32_1.0.100.202509120712/tools/bin/../lib/gcc/arm-none-eabi/13.3.1/thumb/v7e-m+fp/hard\libgcc.a(_arm_addsubdf3.o)
                0x08000444                __aeabi_drsub
                0x0800044c                __aeabi_dsub
                0x0800044c                __subdf3
                0x08000450                __aeabi_dadd
                0x08000450                __adddf3
                0x080006c8                __floatunsidf
                0x080006c8                __aeabi_ui2d
                0x080006e8                __floatsidf
                0x080006e8                __aeabi_i2d
                0x0800070c                __aeabi_f2d
                0x0800070c                __extendsfdf2
                0x08000750                __floatundidf
                0x08000750                __aeabi_ul2d
                0x08000760                __floatdidf
                0x08000760                __aeabi_l2d
 .text          0x080007bc      0x110 C:/ST/STM32CubeIDE_2.0.0/STM32CubeIDE/plugins/com.st.stm32cube.ide.mcu.externaltools.gnu-tools-for-stm32.13.3.rel1.win32_1.0.100.202509120712/tools/bin/../lib/gcc/arm-none-eabi/13.3.1/thumb/v7e-m+fp/hard\libgcc.a(_arm_cmpdf2.o)
                0x080007bc                __gtdf2
                0x080007bc                __gedf2
                0x080007c4                __ltdf2
                0x080007c4                __ledf2
                0x080007cc                __nedf2
                0x080007cc                __eqdf2
                0x080007cc                __cmpdf2
                0x08000848                __aeabi_cdrcmple
                0x08000858                __aeabi_cdcmpeq
                0x08000858                __aeabi_cdcmple
                0x08000868                __aeabi_dcmpeq
                0x0800087c                __aeabi_dcmplt
                0x08000890                __aeabi_dcmple
                0x080008a4                __aeabi_dcmpge
                0x080008b8                __aeabi_dcmpgt
 .text          0x080008cc       0xa0 C:/ST/STM32CubeIDE_2.0.0/STM32CubeIDE/plugins/com.st.stm32cube.ide.mcu.externaltools.gnu-tools-for-stm32.13.3.rel1.win32_1.0.100.202509120712/tools/bin/../lib/gcc/arm-none-eabi/13.3.1/thumb/v7e-m+fp/hard\libgcc.a(_arm_truncdfsf2.o)
                0x080008cc                __truncdfsf2
                0x080008cc                __aeabi_d2f
 .text          0x0800096c       0x30 C:/ST/STM32CubeIDE_2.0.0/STM32CubeIDE/plugins/com.st.stm32cube.ide.mcu.externaltools.gnu-tools-for-stm32.13.3.rel1.win32_1.0.100.202509120712/tools/bin/../lib/gcc/arm-none-eabi/13.3.1/thumb/v7e-m+fp/hard\libgcc.a(_aeabi_uldivmod.o)
                0x0800096c                __aeabi_uldivmod
 .text          0x0800099c      0x2f8 C:/ST/STM32CubeIDE_2.0.0/STM32CubeIDE/plugins/com.st.stm32cube.ide.mcu.externaltools.gnu-tools-for-stm32.13.3.rel1.win32_1.0.100.202509120712/tools/bin/../lib/gcc/arm-none-eabi/13.3.1/thumb/v7e-m+fp/hard\libgcc.a(_udivmoddi4.o)
                0x0800099c                __udivmoddi4
 .text          0x08000c94        0x4 C:/ST/STM32CubeIDE_2.0.0/STM32CubeIDE/plugins/com.st.stm32cube.ide.mcu.externaltools.gnu-tools-for-stm32.13.3.rel1.win32_1.0.100.202509120712/tools/bin/../lib/gcc/arm-none-eabi/13.3.1/thumb/v7e-m+fp/hard\libgcc.a(_dvmd_tls.o)
                0x08000c94                __aeabi_idiv0
                0x08000c94                __aeabi_ldiv0
 *(.text*)
 .text.sevensegment_update
                0x08000c98      0x1fc ./Core/Src/Display.o
                0x08000c98                sevensegment_update
 *fill*         0x08000e94        0x4 
 .text.ExADC_ReadChannel
                0x08000e98      0x500 ./Core/Src/External_ADC.o
                0x08000e98                ExADC_ReadChannel
 .text.configure_registers
                0x08001398      0x400 ./Core/Src/External_DAC.o
                0x08001398                configure_registers
 .text.AD9106_WriteRegister
                0x08001798       0x7c ./Core/Src/External_DAC.o
                0x08001798                AD9106_WriteRegister
 .text.ExtDac_Config
                0x08001814       0x8c ./Core/Src/External_DAC.o
                0x08001814                ExtDac_Config
 .text.calculate_flash_crc
                0x080018a0       0x8c ./Core/Src/Post.o
                0x080018a0                calculate_flash_crc
 *fill*         0x0800192c        0x4 
 .text.postCheck
                0x08001930      0xa14 ./Core/Src/Post.o
                0x08001930                postCheck
 .text.Check_POST_Timeout
                0x08002344       0x24 ./Core/Src/Post.o
 .text.MX_ADC1_Init
                0x08002368       0xf0 ./Core/Src/adc.o
                0x08002368                MX_ADC1_Init
 .text.HAL_ADC_MspInit
                0x08002458       0xd4 ./Core/Src/adc.o
                0x08002458                HAL_ADC_MspInit
 .text.HAL_ADC_MspDeInit
                0x0800252c       0x3c ./Core/Src/adc.o
                0x0800252c                HAL_ADC_MspDeInit
 .text.MX_GPIO_Init
                0x08002568      0x378 ./Core/Src/gpio.o
                0x08002568                MX_GPIO_Init
 .text.MX_IWDG_Init
                0x080028e0       0x3c ./Core/Src/iwdg.o
                0x080028e0                MX_IWDG_Init
 .text.metadata_load_or_default
                0x0800291c       0x84 ./Core/Src/main.o
 .text.metadata_write
                0x080029a0       0xee ./Core/Src/main.o
 *fill*         0x08002a8e        0x2 
 .text.main     0x08002a90     0x1928 ./Core/Src/main.o
                0x08002a90                main
 .text.SystemClock_Config
                0x080043b8       0xa6 ./Core/Src/main.o
                0x080043b8                SystemClock_Config
 *fill*         0x0800445e        0x2 
 .text.goto_application
                0x08004460       0xa8 ./Core/Src/main.o
 .text.is_valid_application
                0x08004508       0x6c ./Core/Src/main.o
 .text.deinit_bootloader_context
                0x08004574      0x108 ./Core/Src/main.o
 .text.g_CRC_calc_continue
                0x0800467c       0x42 ./Core/Src/main.o
                0x0800467c                g_CRC_calc_continue
 .text.g_CRC_calc
                0x080046be       0x20 ./Core/Src/main.o
                0x080046be                g_CRC_calc
 .text.g_update_crc
                0x080046de       0x66 ./Core/Src/main.o
                0x080046de                g_update_crc
 .text.Enable_PWM
                0x08004744       0x14 ./Core/Src/main.o
                0x08004744                Enable_PWM
 .text.Disable_PWM
                0x08004758       0x14 ./Core/Src/main.o
                0x08004758                Disable_PWM
 .text.Brigthness_Control
                0x0800476c       0x4c ./Core/Src/main.o
                0x0800476c                Brigthness_Control
 .text.HAL_TIM_PeriodElapsedCallback
                0x080047b8       0x3c ./Core/Src/main.o
                0x080047b8                HAL_TIM_PeriodElapsedCallback
 .text.HAL_UART_RxCpltCallback
                0x080047f4       0x54 ./Core/Src/main.o
                0x080047f4                HAL_UART_RxCpltCallback
 .text.isFlashEmpty
                0x08004848       0x3e ./Core/Src/main.o
                0x08004848                isFlashEmpty
 *fill*         0x08004886        0x2 
 .text.Error_Handler
                0x08004888       0x34 ./Core/Src/main.o
                0x08004888                Error_Handler
 .text.assert_failed
                0x080048bc       0x16 ./Core/Src/main.o
                0x080048bc                assert_failed
 *fill*         0x080048d2        0x2 
 .text.SerialFlash_IsWriteBusy
                0x080048d4       0x68 ./Core/Src/s25FL512S.o
                0x080048d4                SerialFlash_IsWriteBusy
 .text.SerialFlash_WriteEnable
                0x0800493c       0x40 ./Core/Src/s25FL512S.o
                0x0800493c                SerialFlash_WriteEnable
 .text.SerialFlash_WriteByte
                0x0800497c       0x8c ./Core/Src/s25FL512S.o
                0x0800497c                SerialFlash_WriteByte
 .text.SerialFlash_ReadByte
                0x08004a08       0x84 ./Core/Src/s25FL512S.o
                0x08004a08                SerialFlash_ReadByte
 .text.SerialFlash_SectorErase
                0x08004a8c       0x8c ./Core/Src/s25FL512S.o
                0x08004a8c                SerialFlash_SectorErase
 .text.ReadStatusRegister_1
                0x08004b18       0x5c ./Core/Src/s25FL512S.o
                0x08004b18                ReadStatusRegister_1
 .text.MX_SPI1_Init
                0x08004b74       0x7c ./Core/Src/spi.o
                0x08004b74                MX_SPI1_Init
 .text.MX_SPI2_Init
                0x08004bf0       0x7c ./Core/Src/spi.o
                0x08004bf0                MX_SPI2_Init
 .text.MX_SPI3_Init
                0x08004c6c       0x7c ./Core/Src/spi.o
                0x08004c6c                MX_SPI3_Init
 .text.HAL_SPI_MspInit
                0x08004ce8      0x150 ./Core/Src/spi.o
                0x08004ce8                HAL_SPI_MspInit
 .text.HAL_SPI_MspDeInit
                0x08004e38       0x8c ./Core/Src/spi.o
                0x08004e38                HAL_SPI_MspDeInit
 .text.HAL_MspInit
                0x08004ec4       0x48 ./Core/Src/stm32l4xx_hal_msp.o
                0x08004ec4                HAL_MspInit
 .text.NMI_Handler
                0x08004f0c        0x8 ./Core/Src/stm32l4xx_it.o
                0x08004f0c                NMI_Handler
 .text.HardFault_Handler
                0x08004f14        0x8 ./Core/Src/stm32l4xx_it.o
                0x08004f14                HardFault_Handler
 .text.MemManage_Handler
                0x08004f1c        0x8 ./Core/Src/stm32l4xx_it.o
                0x08004f1c                MemManage_Handler
 .text.BusFault_Handler
                0x08004f24        0x8 ./Core/Src/stm32l4xx_it.o
                0x08004f24                BusFault_Handler
 .text.UsageFault_Handler
                0x08004f2c        0x8 ./Core/Src/stm32l4xx_it.o
                0x08004f2c                UsageFault_Handler
 .text.SVC_Handler
                0x08004f34        0xe ./Core/Src/stm32l4xx_it.o
                0x08004f34                SVC_Handler
 .text.DebugMon_Handler
                0x08004f42        0xe ./Core/Src/stm32l4xx_it.o
                0x08004f42                DebugMon_Handler
 .text.PendSV_Handler
                0x08004f50        0xe ./Core/Src/stm32l4xx_it.o
                0x08004f50                PendSV_Handler
 .text.SysTick_Handler
                0x08004f5e        0xc ./Core/Src/stm32l4xx_it.o
                0x08004f5e                SysTick_Handler
 *fill*         0x08004f6a        0x2 
 .text.USART1_IRQHandler
                0x08004f6c       0x14 ./Core/Src/stm32l4xx_it.o
                0x08004f6c                USART1_IRQHandler
 .text.USART2_IRQHandler
                0x08004f80       0x14 ./Core/Src/stm32l4xx_it.o
                0x08004f80                USART2_IRQHandler
 .text.TIM5_IRQHandler
                0x08004f94       0x14 ./Core/Src/stm32l4xx_it.o
                0x08004f94                TIM5_IRQHandler
 .text.OTG_FS_IRQHandler
                0x08004fa8       0x14 ./Core/Src/stm32l4xx_it.o
                0x08004fa8                OTG_FS_IRQHandler
 .text.SystemInit
                0x08004fbc       0x24 ./Core/Src/system_stm32l4xx.o
                0x08004fbc                SystemInit
 .text.MX_TIM1_Init
                0x08004fe0      0x188 ./Core/Src/tim.o
                0x08004fe0                MX_TIM1_Init
 .text.MX_TIM2_Init
                0x08005168       0xec ./Core/Src/tim.o
                0x08005168                MX_TIM2_Init
 .text.MX_TIM3_Init
                0x08005254       0xf0 ./Core/Src/tim.o
                0x08005254                MX_TIM3_Init
 .text.MX_TIM4_Init
                0x08005344       0xf0 ./Core/Src/tim.o
                0x08005344                MX_TIM4_Init
 .text.MX_TIM5_Init
                0x08005434       0xd0 ./Core/Src/tim.o
                0x08005434                MX_TIM5_Init
 .text.HAL_TIM_Base_MspInit
                0x08005504       0xe8 ./Core/Src/tim.o
                0x08005504                HAL_TIM_Base_MspInit
 .text.HAL_TIM_MspPostInit
                0x080055ec      0x154 ./Core/Src/tim.o
                0x080055ec                HAL_TIM_MspPostInit
 .text.HAL_TIM_Base_MspDeInit
                0x08005740       0xa0 ./Core/Src/tim.o
                0x08005740                HAL_TIM_Base_MspDeInit
 .text.MX_USART1_UART_Init
                0x080057e0       0x60 ./Core/Src/usart.o
                0x080057e0                MX_USART1_UART_Init
 .text.MX_USART2_UART_Init
                0x08005840       0x60 ./Core/Src/usart.o
                0x08005840                MX_USART2_UART_Init
 .text.HAL_UART_MspInit
                0x080058a0      0x168 ./Core/Src/usart.o
                0x080058a0                HAL_UART_MspInit
 .text.HAL_UART_MspDeInit
                0x08005a08       0x70 ./Core/Src/usart.o
                0x08005a08                HAL_UART_MspDeInit
 .text.uartLoopBack_test
                0x08005a78       0xdc ./Core/Src/usart.o
                0x08005a78                uartLoopBack_test
 .text.Reset_Handler
                0x08005b54       0x50 ./Core/Startup/startup_stm32l496zgtx.o
                0x08005b54                Reset_Handler
 .text.Default_Handler
                0x08005ba4        0x2 ./Core/Startup/startup_stm32l496zgtx.o
                0x08005ba4                RTC_Alarm_IRQHandler
                0x08005ba4                EXTI2_IRQHandler
                0x08005ba4                TIM8_TRG_COM_IRQHandler
                0x08005ba4                TIM8_CC_IRQHandler
                0x08005ba4                TIM1_CC_IRQHandler
                0x08005ba4                TSC_IRQHandler
                0x08005ba4                TAMP_STAMP_IRQHandler
                0x08005ba4                CAN2_RX1_IRQHandler
                0x08005ba4                EXTI3_IRQHandler
                0x08005ba4                LPTIM2_IRQHandler
                0x08005ba4                DFSDM1_FLT1_IRQHandler
                0x08005ba4                I2C3_ER_IRQHandler
                0x08005ba4                DFSDM1_FLT2_IRQHandler
                0x08005ba4                EXTI0_IRQHandler
                0x08005ba4                I2C2_EV_IRQHandler
                0x08005ba4                CAN1_RX0_IRQHandler
                0x08005ba4                FPU_IRQHandler
                0x08005ba4                TIM1_UP_TIM16_IRQHandler
                0x08005ba4                CAN2_SCE_IRQHandler
                0x08005ba4                ADC1_2_IRQHandler
                0x08005ba4                SPI1_IRQHandler
                0x08005ba4                TIM6_DAC_IRQHandler
                0x08005ba4                DCMI_IRQHandler
                0x08005ba4                CAN2_RX0_IRQHandler
                0x08005ba4                TIM8_UP_IRQHandler
                0x08005ba4                DMA2_Channel2_IRQHandler
                0x08005ba4                DMA1_Channel4_IRQHandler
                0x08005ba4                SAI2_IRQHandler
                0x08005ba4                DFSDM1_FLT3_IRQHandler
                0x08005ba4                USART3_IRQHandler
                0x08005ba4                DMA1_Channel7_IRQHandler
                0x08005ba4                CAN1_RX1_IRQHandler
                0x08005ba4                LCD_IRQHandler
                0x08005ba4                UART5_IRQHandler
                0x08005ba4                ADC3_IRQHandler
                0x08005ba4                TIM4_IRQHandler
                0x08005ba4                DMA2_Channel1_IRQHandler
                0x08005ba4                QUADSPI_IRQHandler
                0x08005ba4                I2C1_EV_IRQHandler
                0x08005ba4                DMA1_Channel6_IRQHandler
                0x08005ba4                UART4_IRQHandler
                0x08005ba4                DMA2_Channel4_IRQHandler
                0x08005ba4                TIM3_IRQHandler
                0x08005ba4                RCC_IRQHandler
                0x08005ba4                DMA1_Channel1_IRQHandler
                0x08005ba4                Default_Handler
                0x08005ba4                DMA2_Channel7_IRQHandler
                0x08005ba4                EXTI15_10_IRQHandler
                0x08005ba4                TIM7_IRQHandler
                0x08005ba4                SDMMC1_IRQHandler
                0x08005ba4                CAN2_TX_IRQHandler
                0x08005ba4                I2C3_EV_IRQHandler
                0x08005ba4                EXTI9_5_IRQHandler
                0x08005ba4                RTC_WKUP_IRQHandler
                0x08005ba4                PVD_PVM_IRQHandler
                0x08005ba4                SPI2_IRQHandler
                0x08005ba4                CAN1_TX_IRQHandler
                0x08005ba4                DMA2_Channel5_IRQHandler
                0x08005ba4                CRS_IRQHandler
                0x08005ba4                DMA1_Channel5_IRQHandler
                0x08005ba4                EXTI4_IRQHandler
                0x08005ba4                RNG_IRQHandler
                0x08005ba4                TIM1_TRG_COM_TIM17_IRQHandler
                0x08005ba4                DMA1_Channel3_IRQHandler
                0x08005ba4                COMP_IRQHandler
                0x08005ba4                WWDG_IRQHandler
                0x08005ba4                I2C4_EV_IRQHandler
                0x08005ba4                LPUART1_IRQHandler
                0x08005ba4                DMA2_Channel6_IRQHandler
                0x08005ba4                TIM2_IRQHandler
                0x08005ba4                EXTI1_IRQHandler
                0x08005ba4                DFSDM1_FLT0_IRQHandler
                0x08005ba4                I2C2_ER_IRQHandler
                0x08005ba4                DMA1_Channel2_IRQHandler
                0x08005ba4                TIM8_BRK_IRQHandler
                0x08005ba4                CAN1_SCE_IRQHandler
                0x08005ba4                FLASH_IRQHandler
                0x08005ba4                SPI3_IRQHandler
                0x08005ba4                I2C1_ER_IRQHandler
                0x08005ba4                FMC_IRQHandler
                0x08005ba4                SWPMI1_IRQHandler
                0x08005ba4                LPTIM1_IRQHandler
                0x08005ba4                I2C4_ER_IRQHandler
                0x08005ba4                SAI1_IRQHandler
                0x08005ba4                DMA2_Channel3_IRQHandler
                0x08005ba4                TIM1_BRK_TIM15_IRQHandler
 .text.HAL_Init
                0x08005ba6       0x30 ./Drivers/STM32L4xx_HAL_Driver/Src/stm32l4xx_hal.o
                0x08005ba6                HAL_Init
 *fill*         0x08005bd6        0x2 
 .text.HAL_DeInit
                0x08005bd8       0x68 ./Drivers/STM32L4xx_HAL_Driver/Src/stm32l4xx_hal.o
                0x08005bd8                HAL_DeInit
 .text.HAL_MspDeInit
                0x08005c40        0xe ./Drivers/STM32L4xx_HAL_Driver/Src/stm32l4xx_hal.o
                0x08005c40                HAL_MspDeInit
 *fill*         0x08005c4e        0x2 
 .text.HAL_InitTick
                0x08005c50       0x78 ./Drivers/STM32L4xx_HAL_Driver/Src/stm32l4xx_hal.o
                0x08005c50                HAL_InitTick
 .text.HAL_IncTick
                0x08005cc8       0x28 ./Drivers/STM32L4xx_HAL_Driver/Src/stm32l4xx_hal.o
                0x08005cc8                HAL_IncTick
 .text.HAL_GetTick
                0x08005cf0       0x18 ./Drivers/STM32L4xx_HAL_Driver/Src/stm32l4xx_hal.o
                0x08005cf0                HAL_GetTick
 .text.HAL_Delay
                0x08005d08       0x48 ./Drivers/STM32L4xx_HAL_Driver/Src/stm32l4xx_hal.o
                0x08005d08                HAL_Delay
 .text.LL_ADC_SetCommonClock
                0x08005d50       0x26 ./Drivers/STM32L4xx_HAL_Driver/Src/stm32l4xx_hal_adc.o
 .text.LL_ADC_SetCommonPathInternalCh
                0x08005d76       0x26 ./Drivers/STM32L4xx_HAL_Driver/Src/stm32l4xx_hal_adc.o
 .text.LL_ADC_GetCommonPathInternalCh
                0x08005d9c       0x1c ./Drivers/STM32L4xx_HAL_Driver/Src/stm32l4xx_hal_adc.o
 .text.LL_ADC_GetResolution
                0x08005db8       0x1c ./Drivers/STM32L4xx_HAL_Driver/Src/stm32l4xx_hal_adc.o
 .text.LL_ADC_SetOffset
                0x08005dd4       0x48 ./Drivers/STM32L4xx_HAL_Driver/Src/stm32l4xx_hal_adc.o
 .text.LL_ADC_GetOffsetChannel
                0x08005e1c       0x2c ./Drivers/STM32L4xx_HAL_Driver/Src/stm32l4xx_hal_adc.o
 .text.LL_ADC_SetOffsetState
                0x08005e48       0x36 ./Drivers/STM32L4xx_HAL_Driver/Src/stm32l4xx_hal_adc.o
 .text.LL_ADC_SetSamplingTimeCommonConfig
                0x08005e7e       0x26 ./Drivers/STM32L4xx_HAL_Driver/Src/stm32l4xx_hal_adc.o
 .text.LL_ADC_REG_IsTriggerSourceSWStart
                0x08005ea4       0x26 ./Drivers/STM32L4xx_HAL_Driver/Src/stm32l4xx_hal_adc.o
 .text.LL_ADC_REG_SetSequencerRanks
                0x08005eca       0x58 ./Drivers/STM32L4xx_HAL_Driver/Src/stm32l4xx_hal_adc.o
 .text.LL_ADC_SetChannelSamplingTime
                0x08005f22       0x56 ./Drivers/STM32L4xx_HAL_Driver/Src/stm32l4xx_hal_adc.o
 .text.LL_ADC_SetChannelSingleDiff
                0x08005f78       0x48 ./Drivers/STM32L4xx_HAL_Driver/Src/stm32l4xx_hal_adc.o
 .text.LL_ADC_GetMultimode
                0x08005fc0       0x1c ./Drivers/STM32L4xx_HAL_Driver/Src/stm32l4xx_hal_adc.o
 .text.LL_ADC_GetMultiDMATransfer
                0x08005fdc       0x1c ./Drivers/STM32L4xx_HAL_Driver/Src/stm32l4xx_hal_adc.o
 .text.LL_ADC_DisableDeepPowerDown
                0x08005ff8       0x24 ./Drivers/STM32L4xx_HAL_Driver/Src/stm32l4xx_hal_adc.o
 .text.LL_ADC_IsDeepPowerDownEnabled
                0x0800601c       0x28 ./Drivers/STM32L4xx_HAL_Driver/Src/stm32l4xx_hal_adc.o
 .text.LL_ADC_EnableInternalRegulator
                0x08006044       0x28 ./Drivers/STM32L4xx_HAL_Driver/Src/stm32l4xx_hal_adc.o
 .text.LL_ADC_IsInternalRegulatorEnabled
                0x0800606c       0x28 ./Drivers/STM32L4xx_HAL_Driver/Src/stm32l4xx_hal_adc.o
 .text.LL_ADC_Enable
                0x08006094       0x28 ./Drivers/STM32L4xx_HAL_Driver/Src/stm32l4xx_hal_adc.o
 .text.LL_ADC_Disable
                0x080060bc       0x28 ./Drivers/STM32L4xx_HAL_Driver/Src/stm32l4xx_hal_adc.o
 .text.LL_ADC_IsEnabled
                0x080060e4       0x26 ./Drivers/STM32L4xx_HAL_Driver/Src/stm32l4xx_hal_adc.o
 .text.LL_ADC_IsDisableOngoing
                0x0800610a       0x26 ./Drivers/STM32L4xx_HAL_Driver/Src/stm32l4xx_hal_adc.o
 .text.LL_ADC_REG_StartConversion
                0x08006130       0x28 ./Drivers/STM32L4xx_HAL_Driver/Src/stm32l4xx_hal_adc.o
 .text.LL_ADC_REG_StopConversion
                0x08006158       0x28 ./Drivers/STM32L4xx_HAL_Driver/Src/stm32l4xx_hal_adc.o
 .text.LL_ADC_REG_IsConversionOngoing
                0x08006180       0x26 ./Drivers/STM32L4xx_HAL_Driver/Src/stm32l4xx_hal_adc.o
 .text.LL_ADC_INJ_StopConversion
                0x080061a6       0x28 ./Drivers/STM32L4xx_HAL_Driver/Src/stm32l4xx_hal_adc.o
 .text.LL_ADC_INJ_IsConversionOngoing
                0x080061ce       0x26 ./Drivers/STM32L4xx_HAL_Driver/Src/stm32l4xx_hal_adc.o
 .text.HAL_ADC_Init
                0x080061f4      0x6e4 ./Drivers/STM32L4xx_HAL_Driver/Src/stm32l4xx_hal_adc.o
                0x080061f4                HAL_ADC_Init
 .text.HAL_ADC_DeInit
                0x080068d8      0x294 ./Drivers/STM32L4xx_HAL_Driver/Src/stm32l4xx_hal_adc.o
                0x080068d8                HAL_ADC_DeInit
 .text.HAL_ADC_Start
                0x08006b6c      0x1a4 ./Drivers/STM32L4xx_HAL_Driver/Src/stm32l4xx_hal_adc.o
                0x08006b6c                HAL_ADC_Start
 .text.HAL_ADC_Stop
                0x08006d10       0xa0 ./Drivers/STM32L4xx_HAL_Driver/Src/stm32l4xx_hal_adc.o
                0x08006d10                HAL_ADC_Stop
 .text.HAL_ADC_PollForConversion
                0x08006db0      0x1e0 ./Drivers/STM32L4xx_HAL_Driver/Src/stm32l4xx_hal_adc.o
                0x08006db0                HAL_ADC_PollForConversion
 .text.HAL_ADC_GetValue
                0x08006f90       0x50 ./Drivers/STM32L4xx_HAL_Driver/Src/stm32l4xx_hal_adc.o
                0x08006f90                HAL_ADC_GetValue
 .text.HAL_ADC_ConfigChannel
                0x08006fe0      0xe80 ./Drivers/STM32L4xx_HAL_Driver/Src/stm32l4xx_hal_adc.o
                0x08006fe0                HAL_ADC_ConfigChannel
 .text.ADC_ConversionStop
                0x08007e60      0x1cc ./Drivers/STM32L4xx_HAL_Driver/Src/stm32l4xx_hal_adc.o
                0x08007e60                ADC_ConversionStop
 .text.ADC_Enable
                0x0800802c      0x10c ./Drivers/STM32L4xx_HAL_Driver/Src/stm32l4xx_hal_adc.o
                0x0800802c                ADC_Enable
 .text.ADC_Disable
                0x08008138       0xbe ./Drivers/STM32L4xx_HAL_Driver/Src/stm32l4xx_hal_adc.o
                0x08008138                ADC_Disable
 .text.LL_ADC_IsEnabled
                0x080081f6       0x26 ./Drivers/STM32L4xx_HAL_Driver/Src/stm32l4xx_hal_adc_ex.o
 .text.LL_ADC_REG_IsConversionOngoing
                0x0800821c       0x26 ./Drivers/STM32L4xx_HAL_Driver/Src/stm32l4xx_hal_adc_ex.o
 *fill*         0x08008242        0x2 
 .text.HAL_ADCEx_MultiModeConfigChannel
                0x08008244      0x270 ./Drivers/STM32L4xx_HAL_Driver/Src/stm32l4xx_hal_adc_ex.o
                0x08008244                HAL_ADCEx_MultiModeConfigChannel
 .text.__NVIC_SetPriorityGrouping
                0x080084b4       0x48 ./Drivers/STM32L4xx_HAL_Driver/Src/stm32l4xx_hal_cortex.o
 .text.__NVIC_GetPriorityGrouping
                0x080084fc       0x1c ./Drivers/STM32L4xx_HAL_Driver/Src/stm32l4xx_hal_cortex.o
 .text.__NVIC_EnableIRQ
                0x08008518       0x3c ./Drivers/STM32L4xx_HAL_Driver/Src/stm32l4xx_hal_cortex.o
 .text.__NVIC_DisableIRQ
                0x08008554       0x48 ./Drivers/STM32L4xx_HAL_Driver/Src/stm32l4xx_hal_cortex.o
 .text.__NVIC_SetPriority
                0x0800859c       0x54 ./Drivers/STM32L4xx_HAL_Driver/Src/stm32l4xx_hal_cortex.o
 .text.NVIC_EncodePriority
                0x080085f0       0x66 ./Drivers/STM32L4xx_HAL_Driver/Src/stm32l4xx_hal_cortex.o
 *fill*         0x08008656        0x2 
 .text.SysTick_Config
                0x08008658       0x44 ./Drivers/STM32L4xx_HAL_Driver/Src/stm32l4xx_hal_cortex.o
 .text.HAL_NVIC_SetPriorityGrouping
                0x0800869c       0x40 ./Drivers/STM32L4xx_HAL_Driver/Src/stm32l4xx_hal_cortex.o
                0x0800869c                HAL_NVIC_SetPriorityGrouping
 .text.HAL_NVIC_SetPriority
                0x080086dc       0x58 ./Drivers/STM32L4xx_HAL_Driver/Src/stm32l4xx_hal_cortex.o
                0x080086dc                HAL_NVIC_SetPriority
 .text.HAL_NVIC_EnableIRQ
                0x08008734       0x30 ./Drivers/STM32L4xx_HAL_Driver/Src/stm32l4xx_hal_cortex.o
                0x08008734                HAL_NVIC_EnableIRQ
 .text.HAL_NVIC_DisableIRQ
                0x08008764       0x30 ./Drivers/STM32L4xx_HAL_Driver/Src/stm32l4xx_hal_cortex.o
                0x08008764                HAL_NVIC_DisableIRQ
 .text.HAL_SYSTICK_Config
                0x08008794       0x18 ./Drivers/STM32L4xx_HAL_Driver/Src/stm32l4xx_hal_cortex.o
                0x08008794                HAL_SYSTICK_Config
 .text.HAL_DMA_Abort
                0x080087ac       0x7c ./Drivers/STM32L4xx_HAL_Driver/Src/stm32l4xx_hal_dma.o
                0x080087ac                HAL_DMA_Abort
 .text.HAL_DMA_Abort_IT
                0x08008828       0x82 ./Drivers/STM32L4xx_HAL_Driver/Src/stm32l4xx_hal_dma.o
                0x08008828                HAL_DMA_Abort_IT
 *fill*         0x080088aa        0x2 
 .text.HAL_FLASH_Program
                0x080088ac       0xf4 ./Drivers/STM32L4xx_HAL_Driver/Src/stm32l4xx_hal_flash.o
                0x080088ac                HAL_FLASH_Program
 .text.HAL_FLASH_Unlock
                0x080089a0       0x44 ./Drivers/STM32L4xx_HAL_Driver/Src/stm32l4xx_hal_flash.o
                0x080089a0                HAL_FLASH_Unlock
 .text.HAL_FLASH_Lock
                0x080089e4       0x20 ./Drivers/STM32L4xx_HAL_Driver/Src/stm32l4xx_hal_flash.o
                0x080089e4                HAL_FLASH_Lock
 .text.FLASH_WaitForLastOperation
                0x08008a04       0xac ./Drivers/STM32L4xx_HAL_Driver/Src/stm32l4xx_hal_flash.o
                0x08008a04                FLASH_WaitForLastOperation
 .text.FLASH_Program_DoubleWord
                0x08008ab0       0xec ./Drivers/STM32L4xx_HAL_Driver/Src/stm32l4xx_hal_flash.o
 .text.FLASH_Program_Fast
                0x08008b9c       0xf4 ./Drivers/STM32L4xx_HAL_Driver/Src/stm32l4xx_hal_flash.o
 .text.HAL_FLASHEx_Erase
                0x08008c90      0x154 ./Drivers/STM32L4xx_HAL_Driver/Src/stm32l4xx_hal_flash_ex.o
                0x08008c90                HAL_FLASHEx_Erase
 .text.FLASH_MassErase
                0x08008de4       0x6c ./Drivers/STM32L4xx_HAL_Driver/Src/stm32l4xx_hal_flash_ex.o
 .text.FLASH_PageErase
                0x08008e50       0xf4 ./Drivers/STM32L4xx_HAL_Driver/Src/stm32l4xx_hal_flash_ex.o
                0x08008e50                FLASH_PageErase
 .text.FLASH_FlushCaches
                0x08008f44       0x94 ./Drivers/STM32L4xx_HAL_Driver/Src/stm32l4xx_hal_flash_ex.o
                0x08008f44                FLASH_FlushCaches
 .text.HAL_GPIO_Init
                0x08008fd8      0x4fc ./Drivers/STM32L4xx_HAL_Driver/Src/stm32l4xx_hal_gpio.o
                0x08008fd8                HAL_GPIO_Init
 .text.HAL_GPIO_DeInit
                0x080094d4      0x258 ./Drivers/STM32L4xx_HAL_Driver/Src/stm32l4xx_hal_gpio.o
                0x080094d4                HAL_GPIO_DeInit
 .text.HAL_GPIO_ReadPin
                0x0800972c       0x40 ./Drivers/STM32L4xx_HAL_Driver/Src/stm32l4xx_hal_gpio.o
                0x0800972c                HAL_GPIO_ReadPin
 .text.HAL_GPIO_WritePin
                0x0800976c       0x58 ./Drivers/STM32L4xx_HAL_Driver/Src/stm32l4xx_hal_gpio.o
                0x0800976c                HAL_GPIO_WritePin
 .text.HAL_IWDG_Init
                0x080097c4      0x120 ./Drivers/STM32L4xx_HAL_Driver/Src/stm32l4xx_hal_iwdg.o
                0x080097c4                HAL_IWDG_Init
 .text.HAL_IWDG_Refresh
                0x080098e4       0x20 ./Drivers/STM32L4xx_HAL_Driver/Src/stm32l4xx_hal_iwdg.o
                0x080098e4                HAL_IWDG_Refresh
 .text.HAL_PCD_Init
                0x08009904      0x234 ./Drivers/STM32L4xx_HAL_Driver/Src/stm32l4xx_hal_pcd.o
                0x08009904                HAL_PCD_Init
 .text.HAL_PCD_DeInit
                0x08009b38       0x46 ./Drivers/STM32L4xx_HAL_Driver/Src/stm32l4xx_hal_pcd.o
                0x08009b38                HAL_PCD_DeInit
 .text.HAL_PCD_Start
                0x08009b7e       0x5e ./Drivers/STM32L4xx_HAL_Driver/Src/stm32l4xx_hal_pcd.o
                0x08009b7e                HAL_PCD_Start
 .text.HAL_PCD_Stop
                0x08009bdc       0x6a ./Drivers/STM32L4xx_HAL_Driver/Src/stm32l4xx_hal_pcd.o
                0x08009bdc                HAL_PCD_Stop
 .text.HAL_PCD_IRQHandler
                0x08009c46      0x92c ./Drivers/STM32L4xx_HAL_Driver/Src/stm32l4xx_hal_pcd.o
                0x08009c46                HAL_PCD_IRQHandler
 .text.HAL_PCD_SetAddress
                0x0800a572       0x48 ./Drivers/STM32L4xx_HAL_Driver/Src/stm32l4xx_hal_pcd.o
                0x0800a572                HAL_PCD_SetAddress
 .text.HAL_PCD_EP_Open
                0x0800a5ba       0xd4 ./Drivers/STM32L4xx_HAL_Driver/Src/stm32l4xx_hal_pcd.o
                0x0800a5ba                HAL_PCD_EP_Open
 .text.HAL_PCD_EP_Close
                0x0800a68e       0x94 ./Drivers/STM32L4xx_HAL_Driver/Src/stm32l4xx_hal_pcd.o
                0x0800a68e                HAL_PCD_EP_Close
 .text.HAL_PCD_EP_Receive
                0x0800a722       0x64 ./Drivers/STM32L4xx_HAL_Driver/Src/stm32l4xx_hal_pcd.o
                0x0800a722                HAL_PCD_EP_Receive
 .text.HAL_PCD_EP_GetRxCount
                0x0800a786       0x30 ./Drivers/STM32L4xx_HAL_Driver/Src/stm32l4xx_hal_pcd.o
                0x0800a786                HAL_PCD_EP_GetRxCount
 .text.HAL_PCD_EP_Transmit
                0x0800a7b6       0x62 ./Drivers/STM32L4xx_HAL_Driver/Src/stm32l4xx_hal_pcd.o
                0x0800a7b6                HAL_PCD_EP_Transmit
 .text.HAL_PCD_EP_SetStall
                0x0800a818       0xc4 ./Drivers/STM32L4xx_HAL_Driver/Src/stm32l4xx_hal_pcd.o
                0x0800a818                HAL_PCD_EP_SetStall
 .text.HAL_PCD_EP_ClrStall
                0x0800a8dc       0xac ./Drivers/STM32L4xx_HAL_Driver/Src/stm32l4xx_hal_pcd.o
                0x0800a8dc                HAL_PCD_EP_ClrStall
 .text.HAL_PCD_EP_Abort
                0x0800a988       0x62 ./Drivers/STM32L4xx_HAL_Driver/Src/stm32l4xx_hal_pcd.o
                0x0800a988                HAL_PCD_EP_Abort
 .text.PCD_WriteEmptyTxFifo
                0x0800a9ea      0x110 ./Drivers/STM32L4xx_HAL_Driver/Src/stm32l4xx_hal_pcd.o
 *fill*         0x0800aafa        0x2 
 .text.PCD_EP_OutXfrComplete_int
                0x0800aafc       0x9c ./Drivers/STM32L4xx_HAL_Driver/Src/stm32l4xx_hal_pcd.o
 .text.PCD_EP_OutSetupPacket_int
                0x0800ab98       0x68 ./Drivers/STM32L4xx_HAL_Driver/Src/stm32l4xx_hal_pcd.o
 .text.HAL_PCDEx_SetTxFiFo
                0x0800ac00       0x8e ./Drivers/STM32L4xx_HAL_Driver/Src/stm32l4xx_hal_pcd_ex.o
                0x0800ac00                HAL_PCDEx_SetTxFiFo
 .text.HAL_PCDEx_SetRxFiFo
                0x0800ac8e       0x22 ./Drivers/STM32L4xx_HAL_Driver/Src/stm32l4xx_hal_pcd_ex.o
                0x0800ac8e                HAL_PCDEx_SetRxFiFo
 .text.HAL_PCDEx_ActivateLPM
                0x0800acb0       0x48 ./Drivers/STM32L4xx_HAL_Driver/Src/stm32l4xx_hal_pcd_ex.o
                0x0800acb0                HAL_PCDEx_ActivateLPM
 .text.HAL_PWREx_GetVoltageRange
                0x0800acf8       0x1c ./Drivers/STM32L4xx_HAL_Driver/Src/stm32l4xx_hal_pwr_ex.o
                0x0800acf8                HAL_PWREx_GetVoltageRange
 .text.HAL_PWREx_ControlVoltageScaling
                0x0800ad14       0xc4 ./Drivers/STM32L4xx_HAL_Driver/Src/stm32l4xx_hal_pwr_ex.o
                0x0800ad14                HAL_PWREx_ControlVoltageScaling
 .text.HAL_PWREx_EnableVddUSB
                0x0800add8       0x20 ./Drivers/STM32L4xx_HAL_Driver/Src/stm32l4xx_hal_pwr_ex.o
                0x0800add8                HAL_PWREx_EnableVddUSB
 .text.HAL_PWREx_DisableVddUSB
                0x0800adf8       0x20 ./Drivers/STM32L4xx_HAL_Driver/Src/stm32l4xx_hal_pwr_ex.o
                0x0800adf8                HAL_PWREx_DisableVddUSB
 .text.HAL_PWREx_EnableVddIO2
                0x0800ae18       0x20 ./Drivers/STM32L4xx_HAL_Driver/Src/stm32l4xx_hal_pwr_ex.o
                0x0800ae18                HAL_PWREx_EnableVddIO2
 .text.HAL_RCC_DeInit
                0x0800ae38      0x144 ./Drivers/STM32L4xx_HAL_Driver/Src/stm32l4xx_hal_rcc.o
                0x0800ae38                HAL_RCC_DeInit
 .text.HAL_RCC_OscConfig
                0x0800af7c      0xaa0 ./Drivers/STM32L4xx_HAL_Driver/Src/stm32l4xx_hal_rcc.o
                0x0800af7c                HAL_RCC_OscConfig
 .text.HAL_RCC_ClockConfig
                0x0800ba1c      0x340 ./Drivers/STM32L4xx_HAL_Driver/Src/stm32l4xx_hal_rcc.o
                0x0800ba1c                HAL_RCC_ClockConfig
 .text.HAL_RCC_GetSysClockFreq
                0x0800bd5c      0x118 ./Drivers/STM32L4xx_HAL_Driver/Src/stm32l4xx_hal_rcc.o
                0x0800bd5c                HAL_RCC_GetSysClockFreq
 .text.HAL_RCC_GetHCLKFreq
                0x0800be74       0x18 ./Drivers/STM32L4xx_HAL_Driver/Src/stm32l4xx_hal_rcc.o
                0x0800be74                HAL_RCC_GetHCLKFreq
 .text.HAL_RCC_GetPCLK1Freq
                0x0800be8c       0x2c ./Drivers/STM32L4xx_HAL_Driver/Src/stm32l4xx_hal_rcc.o
                0x0800be8c                HAL_RCC_GetPCLK1Freq
 .text.HAL_RCC_GetPCLK2Freq
                0x0800beb8       0x2c ./Drivers/STM32L4xx_HAL_Driver/Src/stm32l4xx_hal_rcc.o
                0x0800beb8                HAL_RCC_GetPCLK2Freq
 .text.RCC_SetFlashLatencyFromMSIRange
                0x0800bee4       0xc0 ./Drivers/STM32L4xx_HAL_Driver/Src/stm32l4xx_hal_rcc.o
 .text.HAL_RCCEx_PeriphCLKConfig
                0x0800bfa4      0x9c8 ./Drivers/STM32L4xx_HAL_Driver/Src/stm32l4xx_hal_rcc_ex.o
                0x0800bfa4                HAL_RCCEx_PeriphCLKConfig
 .text.RCCEx_PLLSAI1_Config
                0x0800c96c      0x300 ./Drivers/STM32L4xx_HAL_Driver/Src/stm32l4xx_hal_rcc_ex.o
 .text.RCCEx_PLLSAI2_Config
                0x0800cc6c      0x294 ./Drivers/STM32L4xx_HAL_Driver/Src/stm32l4xx_hal_rcc_ex.o
 .text.HAL_SPI_Init
                0x0800cf00      0x3dc ./Drivers/STM32L4xx_HAL_Driver/Src/stm32l4xx_hal_spi.o
                0x0800cf00                HAL_SPI_Init
 .text.HAL_SPI_DeInit
                0x0800d2dc       0x88 ./Drivers/STM32L4xx_HAL_Driver/Src/stm32l4xx_hal_spi.o
                0x0800d2dc                HAL_SPI_DeInit
 .text.HAL_SPI_Transmit
                0x0800d364      0x310 ./Drivers/STM32L4xx_HAL_Driver/Src/stm32l4xx_hal_spi.o
                0x0800d364                HAL_SPI_Transmit
 .text.HAL_SPI_Receive
                0x0800d674      0x270 ./Drivers/STM32L4xx_HAL_Driver/Src/stm32l4xx_hal_spi.o
                0x0800d674                HAL_SPI_Receive
 .text.HAL_SPI_TransmitReceive
                0x0800d8e4      0x454 ./Drivers/STM32L4xx_HAL_Driver/Src/stm32l4xx_hal_spi.o
                0x0800d8e4                HAL_SPI_TransmitReceive
 .text.SPI_WaitFlagStateUntilTimeout
                0x0800dd38      0x110 ./Drivers/STM32L4xx_HAL_Driver/Src/stm32l4xx_hal_spi.o
 .text.SPI_WaitFifoStateUntilTimeout
                0x0800de48      0x12c ./Drivers/STM32L4xx_HAL_Driver/Src/stm32l4xx_hal_spi.o
 .text.SPI_EndRxTransaction
                0x0800df74       0xb0 ./Drivers/STM32L4xx_HAL_Driver/Src/stm32l4xx_hal_spi.o
 .text.SPI_EndRxTxTransaction
                0x0800e024       0x8c ./Drivers/STM32L4xx_HAL_Driver/Src/stm32l4xx_hal_spi.o
 .text.HAL_TIM_Base_Init
                0x0800e0b0      0x214 ./Drivers/STM32L4xx_HAL_Driver/Src/stm32l4xx_hal_tim.o
                0x0800e0b0                HAL_TIM_Base_Init
 .text.HAL_TIM_Base_DeInit
                0x0800e2c4      0x15c ./Drivers/STM32L4xx_HAL_Driver/Src/stm32l4xx_hal_tim.o
                0x0800e2c4                HAL_TIM_Base_DeInit
 .text.HAL_TIM_Base_Start_IT
                0x0800e420      0x168 ./Drivers/STM32L4xx_HAL_Driver/Src/stm32l4xx_hal_tim.o
                0x0800e420                HAL_TIM_Base_Start_IT
 .text.HAL_TIM_Base_Stop_IT
                0x0800e588      0x100 ./Drivers/STM32L4xx_HAL_Driver/Src/stm32l4xx_hal_tim.o
                0x0800e588                HAL_TIM_Base_Stop_IT
 .text.HAL_TIM_PWM_Init
                0x0800e688      0x214 ./Drivers/STM32L4xx_HAL_Driver/Src/stm32l4xx_hal_tim.o
                0x0800e688                HAL_TIM_PWM_Init
 .text.HAL_TIM_PWM_DeInit
                0x0800e89c      0x15c ./Drivers/STM32L4xx_HAL_Driver/Src/stm32l4xx_hal_tim.o
                0x0800e89c                HAL_TIM_PWM_DeInit
 .text.HAL_TIM_PWM_MspInit
                0x0800e9f8       0x14 ./Drivers/STM32L4xx_HAL_Driver/Src/stm32l4xx_hal_tim.o
                0x0800e9f8                HAL_TIM_PWM_MspInit
 .text.HAL_TIM_PWM_MspDeInit
                0x0800ea0c       0x14 ./Drivers/STM32L4xx_HAL_Driver/Src/stm32l4xx_hal_tim.o
                0x0800ea0c                HAL_TIM_PWM_MspDeInit
 .text.HAL_TIM_PWM_Start
                0x0800ea20      0x360 ./Drivers/STM32L4xx_HAL_Driver/Src/stm32l4xx_hal_tim.o
                0x0800ea20                HAL_TIM_PWM_Start
 .text.HAL_TIM_PWM_Stop
                0x0800ed80      0x268 ./Drivers/STM32L4xx_HAL_Driver/Src/stm32l4xx_hal_tim.o
                0x0800ed80                HAL_TIM_PWM_Stop
 .text.HAL_TIM_IRQHandler
                0x0800efe8      0x20e ./Drivers/STM32L4xx_HAL_Driver/Src/stm32l4xx_hal_tim.o
                0x0800efe8                HAL_TIM_IRQHandler
 *fill*         0x0800f1f6        0x2 
 .text.HAL_TIM_PWM_ConfigChannel
                0x0800f1f8      0x49c ./Drivers/STM32L4xx_HAL_Driver/Src/stm32l4xx_hal_tim.o
                0x0800f1f8                HAL_TIM_PWM_ConfigChannel
 .text.HAL_TIM_ConfigClockSource
                0x0800f694      0x694 ./Drivers/STM32L4xx_HAL_Driver/Src/stm32l4xx_hal_tim.o
                0x0800f694                HAL_TIM_ConfigClockSource
 .text.HAL_TIM_SlaveConfigSynchro
                0x0800fd28      0x178 ./Drivers/STM32L4xx_HAL_Driver/Src/stm32l4xx_hal_tim.o
                0x0800fd28                HAL_TIM_SlaveConfigSynchro
 .text.HAL_TIM_OC_DelayElapsedCallback
                0x0800fea0       0x14 ./Drivers/STM32L4xx_HAL_Driver/Src/stm32l4xx_hal_tim.o
                0x0800fea0                HAL_TIM_OC_DelayElapsedCallback
 .text.HAL_TIM_IC_CaptureCallback
                0x0800feb4       0x14 ./Drivers/STM32L4xx_HAL_Driver/Src/stm32l4xx_hal_tim.o
                0x0800feb4                HAL_TIM_IC_CaptureCallback
 .text.HAL_TIM_PWM_PulseFinishedCallback
                0x0800fec8       0x14 ./Drivers/STM32L4xx_HAL_Driver/Src/stm32l4xx_hal_tim.o
                0x0800fec8                HAL_TIM_PWM_PulseFinishedCallback
 .text.HAL_TIM_TriggerCallback
                0x0800fedc       0x14 ./Drivers/STM32L4xx_HAL_Driver/Src/stm32l4xx_hal_tim.o
                0x0800fedc                HAL_TIM_TriggerCallback
 .text.TIM_Base_SetConfig
                0x0800fef0      0x14c ./Drivers/STM32L4xx_HAL_Driver/Src/stm32l4xx_hal_tim.o
                0x0800fef0                TIM_Base_SetConfig
 .text.TIM_OC1_SetConfig
                0x0801003c      0x174 ./Drivers/STM32L4xx_HAL_Driver/Src/stm32l4xx_hal_tim.o
 .text.TIM_OC2_SetConfig
                0x080101b0      0x164 ./Drivers/STM32L4xx_HAL_Driver/Src/stm32l4xx_hal_tim.o
                0x080101b0                TIM_OC2_SetConfig
 .text.TIM_OC3_SetConfig
                0x08010314      0x164 ./Drivers/STM32L4xx_HAL_Driver/Src/stm32l4xx_hal_tim.o
 .text.TIM_OC4_SetConfig
                0x08010478       0xf0 ./Drivers/STM32L4xx_HAL_Driver/Src/stm32l4xx_hal_tim.o
 .text.TIM_OC5_SetConfig
                0x08010568       0xc8 ./Drivers/STM32L4xx_HAL_Driver/Src/stm32l4xx_hal_tim.o
 .text.TIM_OC6_SetConfig
                0x08010630       0xcc ./Drivers/STM32L4xx_HAL_Driver/Src/stm32l4xx_hal_tim.o
 .text.TIM_SlaveTimer_SetConfig
                0x080106fc      0x458 ./Drivers/STM32L4xx_HAL_Driver/Src/stm32l4xx_hal_tim.o
 .text.TIM_TI1_ConfigInputStage
                0x08010b54       0x5e ./Drivers/STM32L4xx_HAL_Driver/Src/stm32l4xx_hal_tim.o
 .text.TIM_TI2_ConfigInputStage
                0x08010bb2       0x60 ./Drivers/STM32L4xx_HAL_Driver/Src/stm32l4xx_hal_tim.o
 .text.TIM_ITRx_SetConfig
                0x08010c12       0x36 ./Drivers/STM32L4xx_HAL_Driver/Src/stm32l4xx_hal_tim.o
 .text.TIM_ETR_SetConfig
                0x08010c48       0x40 ./Drivers/STM32L4xx_HAL_Driver/Src/stm32l4xx_hal_tim.o
                0x08010c48                TIM_ETR_SetConfig
 .text.TIM_CCxChannelCmd
                0x08010c88       0xf0 ./Drivers/STM32L4xx_HAL_Driver/Src/stm32l4xx_hal_tim.o
                0x08010c88                TIM_CCxChannelCmd
 .text.HAL_TIMEx_MasterConfigSynchronization
                0x08010d78      0x2ac ./Drivers/STM32L4xx_HAL_Driver/Src/stm32l4xx_hal_tim_ex.o
                0x08010d78                HAL_TIMEx_MasterConfigSynchronization
 .text.HAL_TIMEx_ConfigBreakDeadTime
                0x08011024      0x270 ./Drivers/STM32L4xx_HAL_Driver/Src/stm32l4xx_hal_tim_ex.o
                0x08011024                HAL_TIMEx_ConfigBreakDeadTime
 .text.HAL_TIMEx_CommutCallback
                0x08011294       0x14 ./Drivers/STM32L4xx_HAL_Driver/Src/stm32l4xx_hal_tim_ex.o
                0x08011294                HAL_TIMEx_CommutCallback
 .text.HAL_TIMEx_BreakCallback
                0x080112a8       0x14 ./Drivers/STM32L4xx_HAL_Driver/Src/stm32l4xx_hal_tim_ex.o
                0x080112a8                HAL_TIMEx_BreakCallback
 .text.HAL_TIMEx_Break2Callback
                0x080112bc       0x14 ./Drivers/STM32L4xx_HAL_Driver/Src/stm32l4xx_hal_tim_ex.o
                0x080112bc                HAL_TIMEx_Break2Callback
 .text.HAL_UART_Init
                0x080112d0      0x150 ./Drivers/STM32L4xx_HAL_Driver/Src/stm32l4xx_hal_uart.o
                0x080112d0                HAL_UART_Init
 .text.HAL_UART_DeInit
                0x08011420       0xdc ./Drivers/STM32L4xx_HAL_Driver/Src/stm32l4xx_hal_uart.o
                0x08011420                HAL_UART_DeInit
 .text.HAL_UART_Transmit
                0x080114fc      0x112 ./Drivers/STM32L4xx_HAL_Driver/Src/stm32l4xx_hal_uart.o
                0x080114fc                HAL_UART_Transmit
 *fill*         0x0801160e        0x2 
 .text.HAL_UART_Receive_IT
                0x08011610       0x98 ./Drivers/STM32L4xx_HAL_Driver/Src/stm32l4xx_hal_uart.o
                0x08011610                HAL_UART_Receive_IT
 .text.HAL_UART_IRQHandler
                0x080116a8      0x60c ./Drivers/STM32L4xx_HAL_Driver/Src/stm32l4xx_hal_uart.o
                0x080116a8                HAL_UART_IRQHandler
 .text.HAL_UART_TxCpltCallback
                0x08011cb4       0x14 ./Drivers/STM32L4xx_HAL_Driver/Src/stm32l4xx_hal_uart.o
                0x08011cb4                HAL_UART_TxCpltCallback
 .text.HAL_UART_ErrorCallback
                0x08011cc8       0x14 ./Drivers/STM32L4xx_HAL_Driver/Src/stm32l4xx_hal_uart.o
                0x08011cc8                HAL_UART_ErrorCallback
 .text.HAL_UARTEx_RxEventCallback
                0x08011cdc       0x18 ./Drivers/STM32L4xx_HAL_Driver/Src/stm32l4xx_hal_uart.o
                0x08011cdc                HAL_UARTEx_RxEventCallback
 .text.UART_SetConfig
                0x08011cf4      0x6bc ./Drivers/STM32L4xx_HAL_Driver/Src/stm32l4xx_hal_uart.o
                0x08011cf4                UART_SetConfig
 .text.UART_AdvFeatureConfig
                0x080123b0      0x2c0 ./Drivers/STM32L4xx_HAL_Driver/Src/stm32l4xx_hal_uart.o
                0x080123b0                UART_AdvFeatureConfig
 .text.UART_CheckIdleState
                0x08012670      0x150 ./Drivers/STM32L4xx_HAL_Driver/Src/stm32l4xx_hal_uart.o
                0x08012670                UART_CheckIdleState
 .text.UART_WaitOnFlagUntilTimeout
                0x080127c0       0xda ./Drivers/STM32L4xx_HAL_Driver/Src/stm32l4xx_hal_uart.o
                0x080127c0                UART_WaitOnFlagUntilTimeout
 *fill*         0x0801289a        0x2 
 .text.UART_Start_Receive_IT
                0x0801289c      0x18c ./Drivers/STM32L4xx_HAL_Driver/Src/stm32l4xx_hal_uart.o
                0x0801289c                UART_Start_Receive_IT
 .text.UART_EndRxTransfer
                0x08012a28       0xc8 ./Drivers/STM32L4xx_HAL_Driver/Src/stm32l4xx_hal_uart.o
 .text.UART_DMAAbortOnError
                0x08012af0       0x2c ./Drivers/STM32L4xx_HAL_Driver/Src/stm32l4xx_hal_uart.o
 .text.UART_EndTransmit_IT
                0x08012b1c       0x54 ./Drivers/STM32L4xx_HAL_Driver/Src/stm32l4xx_hal_uart.o
 .text.UART_RxISR_8BIT
                0x08012b70      0x1bc ./Drivers/STM32L4xx_HAL_Driver/Src/stm32l4xx_hal_uart.o
 .text.UART_RxISR_16BIT
                0x08012d2c      0x1bc ./Drivers/STM32L4xx_HAL_Driver/Src/stm32l4xx_hal_uart.o
 .text.HAL_UARTEx_WakeupCallback
                0x08012ee8       0x14 ./Drivers/STM32L4xx_HAL_Driver/Src/stm32l4xx_hal_uart_ex.o
                0x08012ee8                HAL_UARTEx_WakeupCallback
 .text.USB_CoreInit
                0x08012efc       0x5a ./Drivers/STM32L4xx_HAL_Driver/Src/stm32l4xx_ll_usb.o
                0x08012efc                USB_CoreInit
 *fill*         0x08012f56        0x2 
 .text.USB_SetTurnaroundTime
                0x08012f58      0x138 ./Drivers/STM32L4xx_HAL_Driver/Src/stm32l4xx_ll_usb.o
                0x08012f58                USB_SetTurnaroundTime
 .text.USB_EnableGlobalInt
                0x08013090       0x22 ./Drivers/STM32L4xx_HAL_Driver/Src/stm32l4xx_ll_usb.o
                0x08013090                USB_EnableGlobalInt
 .text.USB_DisableGlobalInt
                0x080130b2       0x22 ./Drivers/STM32L4xx_HAL_Driver/Src/stm32l4xx_ll_usb.o
                0x080130b2                USB_DisableGlobalInt
 .text.USB_SetCurrentMode
                0x080130d4       0x98 ./Drivers/STM32L4xx_HAL_Driver/Src/stm32l4xx_ll_usb.o
                0x080130d4                USB_SetCurrentMode
 .text.USB_DevInit
                0x0801316c      0x290 ./Drivers/STM32L4xx_HAL_Driver/Src/stm32l4xx_ll_usb.o
                0x0801316c                USB_DevInit
 .text.USB_FlushTxFifo
                0x080133fc       0x64 ./Drivers/STM32L4xx_HAL_Driver/Src/stm32l4xx_ll_usb.o
                0x080133fc                USB_FlushTxFifo
 .text.USB_FlushRxFifo
                0x08013460       0x5c ./Drivers/STM32L4xx_HAL_Driver/Src/stm32l4xx_ll_usb.o
                0x08013460                USB_FlushRxFifo
 .text.USB_SetDevSpeed
                0x080134bc       0x32 ./Drivers/STM32L4xx_HAL_Driver/Src/stm32l4xx_ll_usb.o
                0x080134bc                USB_SetDevSpeed
 .text.USB_GetDevSpeed
                0x080134ee       0x3e ./Drivers/STM32L4xx_HAL_Driver/Src/stm32l4xx_ll_usb.o
                0x080134ee                USB_GetDevSpeed
 .text.USB_ActivateEndpoint
                0x0801352c      0x10e ./Drivers/STM32L4xx_HAL_Driver/Src/stm32l4xx_ll_usb.o
                0x0801352c                USB_ActivateEndpoint
 *fill*         0x0801363a        0x2 
 .text.USB_DeactivateEndpoint
                0x0801363c      0x1b8 ./Drivers/STM32L4xx_HAL_Driver/Src/stm32l4xx_ll_usb.o
                0x0801363c                USB_DeactivateEndpoint
 .text.USB_EPStartXfer
                0x080137f4      0x470 ./Drivers/STM32L4xx_HAL_Driver/Src/stm32l4xx_ll_usb.o
                0x080137f4                USB_EPStartXfer
 .text.USB_EPStopXfer
                0x08013c64      0x154 ./Drivers/STM32L4xx_HAL_Driver/Src/stm32l4xx_ll_usb.o
                0x08013c64                USB_EPStopXfer
 .text.USB_WritePacket
                0x08013db8       0x74 ./Drivers/STM32L4xx_HAL_Driver/Src/stm32l4xx_ll_usb.o
                0x08013db8                USB_WritePacket
 .text.USB_ReadPacket
                0x08013e2c       0xb0 ./Drivers/STM32L4xx_HAL_Driver/Src/stm32l4xx_ll_usb.o
                0x08013e2c                USB_ReadPacket
 .text.USB_EPSetStall
                0x08013edc       0xdc ./Drivers/STM32L4xx_HAL_Driver/Src/stm32l4xx_ll_usb.o
                0x08013edc                USB_EPSetStall
 .text.USB_EPClearStall
                0x08013fb8       0xcc ./Drivers/STM32L4xx_HAL_Driver/Src/stm32l4xx_ll_usb.o
                0x08013fb8                USB_EPClearStall
 .text.USB_StopDevice
                0x08014084       0x9e ./Drivers/STM32L4xx_HAL_Driver/Src/stm32l4xx_ll_usb.o
                0x08014084                USB_StopDevice
 .text.USB_SetDevAddress
                0x08014122       0x4c ./Drivers/STM32L4xx_HAL_Driver/Src/stm32l4xx_ll_usb.o
                0x08014122                USB_SetDevAddress
 .text.USB_DevConnect
                0x0801416e       0x42 ./Drivers/STM32L4xx_HAL_Driver/Src/stm32l4xx_ll_usb.o
                0x0801416e                USB_DevConnect
 .text.USB_DevDisconnect
                0x080141b0       0x42 ./Drivers/STM32L4xx_HAL_Driver/Src/stm32l4xx_ll_usb.o
                0x080141b0                USB_DevDisconnect
 .text.USB_ReadInterrupts
                0x080141f2       0x26 ./Drivers/STM32L4xx_HAL_Driver/Src/stm32l4xx_ll_usb.o
                0x080141f2                USB_ReadInterrupts
 .text.USB_ReadDevAllOutEpInterrupt
                0x08014218       0x34 ./Drivers/STM32L4xx_HAL_Driver/Src/stm32l4xx_ll_usb.o
                0x08014218                USB_ReadDevAllOutEpInterrupt
 .text.USB_ReadDevAllInEpInterrupt
                0x0801424c       0x34 ./Drivers/STM32L4xx_HAL_Driver/Src/stm32l4xx_ll_usb.o
                0x0801424c                USB_ReadDevAllInEpInterrupt
 .text.USB_ReadDevOutEPInterrupt
                0x08014280       0x3c ./Drivers/STM32L4xx_HAL_Driver/Src/stm32l4xx_ll_usb.o
                0x08014280                USB_ReadDevOutEPInterrupt
 .text.USB_ReadDevInEPInterrupt
                0x080142bc       0x5c ./Drivers/STM32L4xx_HAL_Driver/Src/stm32l4xx_ll_usb.o
                0x080142bc                USB_ReadDevInEPInterrupt
 .text.USB_GetMode
                0x08014318       0x1c ./Drivers/STM32L4xx_HAL_Driver/Src/stm32l4xx_ll_usb.o
                0x08014318                USB_GetMode
 .text.USB_ActivateSetup
                0x08014334       0x46 ./Drivers/STM32L4xx_HAL_Driver/Src/stm32l4xx_ll_usb.o
                0x08014334                USB_ActivateSetup
 *fill*         0x0801437a        0x2 
 .text.USB_EP0_OutStart
                0x0801437c       0x90 ./Drivers/STM32L4xx_HAL_Driver/Src/stm32l4xx_ll_usb.o
                0x0801437c                USB_EP0_OutStart
 .text.USB_CoreReset
                0x0801440c       0x62 ./Drivers/STM32L4xx_HAL_Driver/Src/stm32l4xx_ll_usb.o
 *fill*         0x0801446e        0x2 
 .text.USBD_CDC_Init
                0x08014470      0x28c ./Middlewares/ST/STM32_USB_Device_Library/Class/CDC/Src/usbd_cdc.o
 .text.USBD_CDC_DeInit
                0x080146fc      0x134 ./Middlewares/ST/STM32_USB_Device_Library/Class/CDC/Src/usbd_cdc.o
 .text.USBD_CDC_Setup
                0x08014830      0x1c0 ./Middlewares/ST/STM32_USB_Device_Library/Class/CDC/Src/usbd_cdc.o
 .text.USBD_CDC_DataIn
                0x080149f0      0x130 ./Middlewares/ST/STM32_USB_Device_Library/Class/CDC/Src/usbd_cdc.o
 .text.USBD_CDC_DataOut
                0x08014b20       0x72 ./Middlewares/ST/STM32_USB_Device_Library/Class/CDC/Src/usbd_cdc.o
 .text.USBD_CDC_EP0_RxReady
                0x08014b92       0x72 ./Middlewares/ST/STM32_USB_Device_Library/Class/CDC/Src/usbd_cdc.o
 .text.USBD_CDC_GetFSCfgDesc
                0x08014c04       0x70 ./Middlewares/ST/STM32_USB_Device_Library/Class/CDC/Src/usbd_cdc.o
 .text.USBD_CDC_GetHSCfgDesc
                0x08014c74       0x70 ./Middlewares/ST/STM32_USB_Device_Library/Class/CDC/Src/usbd_cdc.o
 .text.USBD_CDC_GetOtherSpeedCfgDesc
                0x08014ce4       0x70 ./Middlewares/ST/STM32_USB_Device_Library/Class/CDC/Src/usbd_cdc.o
 .text.USBD_CDC_GetDeviceQualifierDescriptor
                0x08014d54       0x20 ./Middlewares/ST/STM32_USB_Device_Library/Class/CDC/Src/usbd_cdc.o
                0x08014d54                USBD_CDC_GetDeviceQualifierDescriptor
 .text.USBD_CDC_RegisterInterface
                0x08014d74       0x32 ./Middlewares/ST/STM32_USB_Device_Library/Class/CDC/Src/usbd_cdc.o
                0x08014d74                USBD_CDC_RegisterInterface
 .text.USBD_CDC_SetTxBuffer
                0x08014da6       0x46 ./Middlewares/ST/STM32_USB_Device_Library/Class/CDC/Src/usbd_cdc.o
                0x08014da6                USBD_CDC_SetTxBuffer
 .text.USBD_CDC_SetRxBuffer
                0x08014dec       0x3c ./Middlewares/ST/STM32_USB_Device_Library/Class/CDC/Src/usbd_cdc.o
                0x08014dec                USBD_CDC_SetRxBuffer
 .text.USBD_CDC_TransmitPacket
                0x08014e28       0xa8 ./Middlewares/ST/STM32_USB_Device_Library/Class/CDC/Src/usbd_cdc.o
                0x08014e28                USBD_CDC_TransmitPacket
 .text.USBD_CDC_ReceivePacket
                0x08014ed0       0x70 ./Middlewares/ST/STM32_USB_Device_Library/Class/CDC/Src/usbd_cdc.o
                0x08014ed0                USBD_CDC_ReceivePacket
 .text.USBD_Init
                0x08014f40       0x96 ./Middlewares/ST/STM32_USB_Device_Library/Core/Src/usbd_core.o
                0x08014f40                USBD_Init
 .text.USBD_DeInit
                0x08014fd6       0x98 ./Middlewares/ST/STM32_USB_Device_Library/Core/Src/usbd_core.o
                0x08014fd6                USBD_DeInit
 .text.USBD_RegisterClass
                0x0801506e       0x70 ./Middlewares/ST/STM32_USB_Device_Library/Core/Src/usbd_core.o
                0x0801506e                USBD_RegisterClass
 .text.USBD_Start
                0x080150de       0x18 ./Middlewares/ST/STM32_USB_Device_Library/Core/Src/usbd_core.o
                0x080150de                USBD_Start
 .text.USBD_Stop
                0x080150f6       0x38 ./Middlewares/ST/STM32_USB_Device_Library/Core/Src/usbd_core.o
                0x080150f6                USBD_Stop
 .text.USBD_RunTestMode
                0x0801512e       0x16 ./Middlewares/ST/STM32_USB_Device_Library/Core/Src/usbd_core.o
                0x0801512e                USBD_RunTestMode
 .text.USBD_SetClassConfig
                0x08015144       0x38 ./Middlewares/ST/STM32_USB_Device_Library/Core/Src/usbd_core.o
                0x08015144                USBD_SetClassConfig
 .text.USBD_ClrClassConfig
                0x0801517c       0x34 ./Middlewares/ST/STM32_USB_Device_Library/Core/Src/usbd_core.o
                0x0801517c                USBD_ClrClassConfig
 .text.USBD_LL_SetupStage
                0x080151b0       0xd2 ./Middlewares/ST/STM32_USB_Device_Library/Core/Src/usbd_core.o
                0x080151b0                USBD_LL_SetupStage
 .text.USBD_LL_DataOutStage
                0x08015282      0x172 ./Middlewares/ST/STM32_USB_Device_Library/Core/Src/usbd_core.o
                0x08015282                USBD_LL_DataOutStage
 .text.USBD_LL_DataInStage
                0x080153f4      0x18e ./Middlewares/ST/STM32_USB_Device_Library/Core/Src/usbd_core.o
                0x080153f4                USBD_LL_DataInStage
 .text.USBD_LL_Reset
                0x08015582      0x11e ./Middlewares/ST/STM32_USB_Device_Library/Core/Src/usbd_core.o
                0x08015582                USBD_LL_Reset
 .text.USBD_LL_SetSpeed
                0x080156a0       0x20 ./Middlewares/ST/STM32_USB_Device_Library/Core/Src/usbd_core.o
                0x080156a0                USBD_LL_SetSpeed
 .text.USBD_LL_Suspend
                0x080156c0       0x38 ./Middlewares/ST/STM32_USB_Device_Library/Core/Src/usbd_core.o
                0x080156c0                USBD_LL_Suspend
 .text.USBD_LL_Resume
                0x080156f8       0x30 ./Middlewares/ST/STM32_USB_Device_Library/Core/Src/usbd_core.o
                0x080156f8                USBD_LL_Resume
 .text.USBD_LL_SOF
                0x08015728       0x40 ./Middlewares/ST/STM32_USB_Device_Library/Core/Src/usbd_core.o
                0x08015728                USBD_LL_SOF
 .text.USBD_LL_IsoINIncomplete
                0x08015768       0x6a ./Middlewares/ST/STM32_USB_Device_Library/Core/Src/usbd_core.o
                0x08015768                USBD_LL_IsoINIncomplete
 .text.USBD_LL_IsoOUTIncomplete
                0x080157d2       0x6a ./Middlewares/ST/STM32_USB_Device_Library/Core/Src/usbd_core.o
                0x080157d2                USBD_LL_IsoOUTIncomplete
 .text.USBD_LL_DevConnected
                0x0801583c       0x16 ./Middlewares/ST/STM32_USB_Device_Library/Core/Src/usbd_core.o
                0x0801583c                USBD_LL_DevConnected
 .text.USBD_LL_DevDisconnected
                0x08015852       0x48 ./Middlewares/ST/STM32_USB_Device_Library/Core/Src/usbd_core.o
                0x08015852                USBD_LL_DevDisconnected
 .text.USBD_CoreFindIF
                0x0801589a       0x1a ./Middlewares/ST/STM32_USB_Device_Library/Core/Src/usbd_core.o
                0x0801589a                USBD_CoreFindIF
 .text.USBD_CoreFindEP
                0x080158b4       0x1a ./Middlewares/ST/STM32_USB_Device_Library/Core/Src/usbd_core.o
                0x080158b4                USBD_CoreFindEP
 .text.USBD_GetEpDesc
                0x080158ce       0x70 ./Middlewares/ST/STM32_USB_Device_Library/Core/Src/usbd_core.o
                0x080158ce                USBD_GetEpDesc
 .text.USBD_GetNextDesc
                0x0801593e       0x38 ./Middlewares/ST/STM32_USB_Device_Library/Core/Src/usbd_core.o
                0x0801593e                USBD_GetNextDesc
 .text.SWAPBYTE
                0x08015976       0x3e ./Middlewares/ST/STM32_USB_Device_Library/Core/Src/usbd_ctlreq.o
 .text.USBD_StdDevReq
                0x080159b4       0xe8 ./Middlewares/ST/STM32_USB_Device_Library/Core/Src/usbd_ctlreq.o
                0x080159b4                USBD_StdDevReq
 .text.USBD_StdItfReq
                0x08015a9c       0xe2 ./Middlewares/ST/STM32_USB_Device_Library/Core/Src/usbd_ctlreq.o
                0x08015a9c                USBD_StdItfReq
 .text.USBD_StdEPReq
                0x08015b7e      0x382 ./Middlewares/ST/STM32_USB_Device_Library/Core/Src/usbd_ctlreq.o
                0x08015b7e                USBD_StdEPReq
 .text.USBD_GetDescriptor
                0x08015f00      0x330 ./Middlewares/ST/STM32_USB_Device_Library/Core/Src/usbd_ctlreq.o
 .text.USBD_SetAddress
                0x08016230       0x90 ./Middlewares/ST/STM32_USB_Device_Library/Core/Src/usbd_ctlreq.o
 .text.USBD_SetConfig
                0x080162c0      0x160 ./Middlewares/ST/STM32_USB_Device_Library/Core/Src/usbd_ctlreq.o
 .text.USBD_GetConfig
                0x08016420       0x7a ./Middlewares/ST/STM32_USB_Device_Library/Core/Src/usbd_ctlreq.o
 .text.USBD_GetStatus
                0x0801649a       0x7e ./Middlewares/ST/STM32_USB_Device_Library/Core/Src/usbd_ctlreq.o
 .text.USBD_SetFeature
                0x08016518       0x6e ./Middlewares/ST/STM32_USB_Device_Library/Core/Src/usbd_ctlreq.o
 .text.USBD_ClrFeature
                0x08016586       0x58 ./Middlewares/ST/STM32_USB_Device_Library/Core/Src/usbd_ctlreq.o
 .text.USBD_ParseSetupRequest
                0x080165de       0x74 ./Middlewares/ST/STM32_USB_Device_Library/Core/Src/usbd_ctlreq.o
                0x080165de                USBD_ParseSetupRequest
 .text.USBD_CtlError
                0x08016652       0x22 ./Middlewares/ST/STM32_USB_Device_Library/Core/Src/usbd_ctlreq.o
                0x08016652                USBD_CtlError
 .text.USBD_GetString
                0x08016674       0xa4 ./Middlewares/ST/STM32_USB_Device_Library/Core/Src/usbd_ctlreq.o
                0x08016674                USBD_GetString
 .text.USBD_GetLen
                0x08016718       0x34 ./Middlewares/ST/STM32_USB_Device_Library/Core/Src/usbd_ctlreq.o
 .text.USBD_CtlSendData
                0x0801674c       0x60 ./Middlewares/ST/STM32_USB_Device_Library/Core/Src/usbd_ioreq.o
                0x0801674c                USBD_CtlSendData
 .text.USBD_CtlContinueSendData
                0x080167ac       0x22 ./Middlewares/ST/STM32_USB_Device_Library/Core/Src/usbd_ioreq.o
                0x080167ac                USBD_CtlContinueSendData
 .text.USBD_CtlPrepareRx
                0x080167ce       0x60 ./Middlewares/ST/STM32_USB_Device_Library/Core/Src/usbd_ioreq.o
                0x080167ce                USBD_CtlPrepareRx
 .text.USBD_CtlContinueRx
                0x0801682e       0x22 ./Middlewares/ST/STM32_USB_Device_Library/Core/Src/usbd_ioreq.o
                0x0801682e                USBD_CtlContinueRx
 .text.USBD_CtlSendStatus
                0x08016850       0x4c ./Middlewares/ST/STM32_USB_Device_Library/Core/Src/usbd_ioreq.o
                0x08016850                USBD_CtlSendStatus
 .text.USBD_CtlReceiveStatus
                0x0801689c       0x4c ./Middlewares/ST/STM32_USB_Device_Library/Core/Src/usbd_ioreq.o
                0x0801689c                USBD_CtlReceiveStatus
 .text.MX_USB_DEVICE_Init
                0x080168e8       0x60 ./USB_DEVICE/App/usb_device.o
                0x080168e8                MX_USB_DEVICE_Init
 .text.CDC_Init_FS
                0x08016948       0x28 ./USB_DEVICE/App/usbd_cdc_if.o
 .text.CDC_DeInit_FS
                0x08016970       0x10 ./USB_DEVICE/App/usbd_cdc_if.o
 .text.CDC_Control_FS
                0x08016980       0xbc ./USB_DEVICE/App/usbd_cdc_if.o
 .text.CDC_Receive_FS
                0x08016a3c      0x134 ./USB_DEVICE/App/usbd_cdc_if.o
 .text.CDC_Transmit_FS
                0x08016b70       0x4c ./USB_DEVICE/App/usbd_cdc_if.o
                0x08016b70                CDC_Transmit_FS
 .text.CDC_TransmitCplt_FS
                0x08016bbc       0x22 ./USB_DEVICE/App/usbd_cdc_if.o
 *fill*         0x08016bde        0x2 
 .text.USBD_FS_DeviceDescriptor
                0x08016be0       0x24 ./USB_DEVICE/App/usbd_desc.o
                0x08016be0                USBD_FS_DeviceDescriptor
 .text.USBD_FS_LangIDStrDescriptor
                0x08016c04       0x24 ./USB_DEVICE/App/usbd_desc.o
                0x08016c04                USBD_FS_LangIDStrDescriptor
 .text.USBD_FS_ProductStrDescriptor
                0x08016c28       0x3c ./USB_DEVICE/App/usbd_desc.o
                0x08016c28                USBD_FS_ProductStrDescriptor
 .text.USBD_FS_ManufacturerStrDescriptor
                0x08016c64       0x28 ./USB_DEVICE/App/usbd_desc.o
                0x08016c64                USBD_FS_ManufacturerStrDescriptor
 .text.USBD_FS_SerialStrDescriptor
                0x08016c8c       0x24 ./USB_DEVICE/App/usbd_desc.o
                0x08016c8c                USBD_FS_SerialStrDescriptor
 .text.USBD_FS_ConfigStrDescriptor
                0x08016cb0       0x3c ./USB_DEVICE/App/usbd_desc.o
                0x08016cb0                USBD_FS_ConfigStrDescriptor
 .text.USBD_FS_InterfaceStrDescriptor
                0x08016cec       0x3c ./USB_DEVICE/App/usbd_desc.o
                0x08016cec                USBD_FS_InterfaceStrDescriptor
 .text.USBD_FS_USR_BOSDescriptor
                0x08016d28       0x24 ./USB_DEVICE/App/usbd_desc.o
                0x08016d28                USBD_FS_USR_BOSDescriptor
 .text.Get_SerialNum
                0x08016d4c       0x58 ./USB_DEVICE/App/usbd_desc.o
 .text.IntToUnicode
                0x08016da4       0x7e ./USB_DEVICE/App/usbd_desc.o
 *fill*         0x08016e22        0x2 
 .text.HAL_PCD_MspInit
                0x08016e24      0x104 ./USB_DEVICE/Target/usbd_conf.o
                0x08016e24                HAL_PCD_MspInit
 .text.HAL_PCD_MspDeInit
                0x08016f28       0x78 ./USB_DEVICE/Target/usbd_conf.o
                0x08016f28                HAL_PCD_MspDeInit
 .text.HAL_PCD_SetupStageCallback
                0x08016fa0       0x24 ./USB_DEVICE/Target/usbd_conf.o
                0x08016fa0                HAL_PCD_SetupStageCallback
 .text.HAL_PCD_DataOutStageCallback
                0x08016fc4       0x36 ./USB_DEVICE/Target/usbd_conf.o
                0x08016fc4                HAL_PCD_DataOutStageCallback
 .text.HAL_PCD_DataInStageCallback
                0x08016ffa       0x34 ./USB_DEVICE/Target/usbd_conf.o
                0x08016ffa                HAL_PCD_DataInStageCallback
 .text.HAL_PCD_SOFCallback
                0x0801702e       0x1c ./USB_DEVICE/Target/usbd_conf.o
                0x0801702e                HAL_PCD_SOFCallback
 .text.HAL_PCD_ResetCallback
                0x0801704a       0x3c ./USB_DEVICE/Target/usbd_conf.o
                0x0801704a                HAL_PCD_ResetCallback
 *fill*         0x08017086        0x2 
 .text.HAL_PCD_SuspendCallback
                0x08017088       0x4c ./USB_DEVICE/Target/usbd_conf.o
                0x08017088                HAL_PCD_SuspendCallback
 .text.HAL_PCD_ResumeCallback
                0x080170d4       0x50 ./USB_DEVICE/Target/usbd_conf.o
                0x080170d4                HAL_PCD_ResumeCallback
 .text.HAL_PCD_ISOOUTIncompleteCallback
                0x08017124       0x24 ./USB_DEVICE/Target/usbd_conf.o
                0x08017124                HAL_PCD_ISOOUTIncompleteCallback
 .text.HAL_PCD_ISOINIncompleteCallback
                0x08017148       0x24 ./USB_DEVICE/Target/usbd_conf.o
                0x08017148                HAL_PCD_ISOINIncompleteCallback
 .text.HAL_PCD_ConnectCallback
                0x0801716c       0x1c ./USB_DEVICE/Target/usbd_conf.o
                0x0801716c                HAL_PCD_ConnectCallback
 .text.HAL_PCD_DisconnectCallback
                0x08017188       0x1c ./USB_DEVICE/Target/usbd_conf.o
                0x08017188                HAL_PCD_DisconnectCallback
 .text.USBD_LL_Init
                0x080171a4       0x98 ./USB_DEVICE/Target/usbd_conf.o
                0x080171a4                USBD_LL_Init
 .text.USBD_LL_DeInit
                0x0801723c       0x64 ./USB_DEVICE/Target/usbd_conf.o
                0x0801723c                USBD_LL_DeInit
 .text.USBD_LL_Start
                0x080172a0       0x64 ./USB_DEVICE/Target/usbd_conf.o
                0x080172a0                USBD_LL_Start
 .text.USBD_LL_Stop
                0x08017304       0x64 ./USB_DEVICE/Target/usbd_conf.o
                0x08017304                USBD_LL_Stop
 .text.USBD_LL_OpenEP
                0x08017368       0x7c ./USB_DEVICE/Target/usbd_conf.o
                0x08017368                USBD_LL_OpenEP
 .text.USBD_LL_CloseEP
                0x080173e4       0x6c ./USB_DEVICE/Target/usbd_conf.o
                0x080173e4                USBD_LL_CloseEP
 .text.USBD_LL_StallEP
                0x08017450       0x6c ./USB_DEVICE/Target/usbd_conf.o
                0x08017450                USBD_LL_StallEP
 .text.USBD_LL_ClearStallEP
                0x080174bc       0x6c ./USB_DEVICE/Target/usbd_conf.o
                0x080174bc                USBD_LL_ClearStallEP
 .text.USBD_LL_IsStallEP
                0x08017528       0x58 ./USB_DEVICE/Target/usbd_conf.o
                0x08017528                USBD_LL_IsStallEP
 .text.USBD_LL_SetUSBAddress
                0x08017580       0x6c ./USB_DEVICE/Target/usbd_conf.o
                0x08017580                USBD_LL_SetUSBAddress
 .text.USBD_LL_Transmit
                0x080175ec       0x70 ./USB_DEVICE/Target/usbd_conf.o
                0x080175ec                USBD_LL_Transmit
 .text.USBD_LL_PrepareReceive
                0x0801765c       0x70 ./USB_DEVICE/Target/usbd_conf.o
                0x0801765c                USBD_LL_PrepareReceive
 .text.USBD_LL_GetRxDataSize
                0x080176cc       0x26 ./USB_DEVICE/Target/usbd_conf.o
                0x080176cc                USBD_LL_GetRxDataSize
 *fill*         0x080176f2        0x2 
 .text.HAL_PCDEx_LPM_Callback
                0x080176f4       0x9c ./USB_DEVICE/Target/usbd_conf.o
                0x080176f4                HAL_PCDEx_LPM_Callback
 .text.USBD_static_malloc
                0x08017790       0x1c ./USB_DEVICE/Target/usbd_conf.o
                0x08017790                USBD_static_malloc
 .text.USBD_static_free
                0x080177ac       0x14 ./USB_DEVICE/Target/usbd_conf.o
                0x080177ac                USBD_static_free
 .text.SystemClockConfig_Resume
                0x080177c0        0xc ./USB_DEVICE/Target/usbd_conf.o
 .text.memcmp   0x080177cc       0x20 C:/ST/STM32CubeIDE_2.0.0/STM32CubeIDE/plugins/com.st.stm32cube.ide.mcu.externaltools.gnu-tools-for-stm32.13.3.rel1.win32_1.0.100.202509120712/tools/bin/../lib/gcc/arm-none-eabi/13.3.1/../../../../arm-none-eabi/lib/thumb/v7e-m+fp/hard\libc_nano.a(libc_a-memcmp.o)
                0x080177cc                memcmp
 .text.memset   0x080177ec       0x10 C:/ST/STM32CubeIDE_2.0.0/STM32CubeIDE/plugins/com.st.stm32cube.ide.mcu.externaltools.gnu-tools-for-stm32.13.3.rel1.win32_1.0.100.202509120712/tools/bin/../lib/gcc/arm-none-eabi/13.3.1/../../../../arm-none-eabi/lib/thumb/v7e-m+fp/hard\libc_nano.a(libc_a-memset.o)
                0x080177ec                memset
 .text.__libc_init_array
                0x080177fc       0x48 C:/ST/STM32CubeIDE_2.0.0/STM32CubeIDE/plugins/com.st.stm32cube.ide.mcu.externaltools.gnu-tools-for-stm32.13.3.rel1.win32_1.0.100.202509120712/tools/bin/../lib/gcc/arm-none-eabi/13.3.1/../../../../arm-none-eabi/lib/thumb/v7e-m+fp/hard\libc_nano.a(libc_a-init.o)
                0x080177fc                __libc_init_array
 .text.memcpy   0x08017844       0x1c C:/ST/STM32CubeIDE_2.0.0/STM32CubeIDE/plugins/com.st.stm32cube.ide.mcu.externaltools.gnu-tools-for-stm32.13.3.rel1.win32_1.0.100.202509120712/tools/bin/../lib/gcc/arm-none-eabi/13.3.1/../../../../arm-none-eabi/lib/thumb/v7e-m+fp/hard\libc_nano.a(libc_a-memcpy-stub.o)
                0x08017844                memcpy
 *(.glue_7)
 .glue_7        0x08017860        0x0 linker stubs
 *(.glue_7t)
 .glue_7t       0x08017860        0x0 linker stubs
 *(.eh_frame)
 .eh_frame      0x08017860        0x0 C:/ST/STM32CubeIDE_2.0.0/STM32CubeIDE/plugins/com.st.stm32cube.ide.mcu.externaltools.gnu-tools-for-stm32.13.3.rel1.win32_1.0.100.202509120712/tools/bin/../lib/gcc/arm-none-eabi/13.3.1/thumb/v7e-m+fp/hard/crtbegin.o
 *(.init)
 .init          0x08017860        0x4 C:/ST/STM32CubeIDE_2.0.0/STM32CubeIDE/plugins/com.st.stm32cube.ide.mcu.externaltools.gnu-tools-for-stm32.13.3.rel1.win32_1.0.100.202509120712/tools/bin/../lib/gcc/arm-none-eabi/13.3.1/thumb/v7e-m+fp/hard/crti.o
                0x08017860                _init
 .init          0x08017864        0x8 C:/ST/STM32CubeIDE_2.0.0/STM32CubeIDE/plugins/com.st.stm32cube.ide.mcu.externaltools.gnu-tools-for-stm32.13.3.rel1.win32_1.0.100.202509120712/tools/bin/../lib/gcc/arm-none-eabi/13.3.1/thumb/v7e-m+fp/hard/crtn.o
 *(.fini)
 .fini          0x0801786c        0x4 C:/ST/STM32CubeIDE_2.0.0/STM32CubeIDE/plugins/com.st.stm32cube.ide.mcu.externaltools.gnu-tools-for-stm32.13.3.rel1.win32_1.0.100.202509120712/tools/bin/../lib/gcc/arm-none-eabi/13.3.1/thumb/v7e-m+fp/hard/crti.o
                0x0801786c                _fini
 .fini          0x08017870        0x8 C:/ST/STM32CubeIDE_2.0.0/STM32CubeIDE/plugins/com.st.stm32cube.ide.mcu.externaltools.gnu-tools-for-stm32.13.3.rel1.win32_1.0.100.202509120712/tools/bin/../lib/gcc/arm-none-eabi/13.3.1/thumb/v7e-m+fp/hard/crtn.o
                0x08017878                        . = ALIGN (0x4)
                0x08017878                        _etext = .

.vfp11_veneer   0x08017878        0x0
 .vfp11_veneer  0x08017878        0x0 linker stubs

.v4_bx          0x08017878        0x0
 .v4_bx         0x08017878        0x0 linker stubs

.iplt           0x08017878        0x0
 .iplt          0x08017878        0x0 C:/ST/STM32CubeIDE_2.0.0/STM32CubeIDE/plugins/com.st.stm32cube.ide.mcu.externaltools.gnu-tools-for-stm32.13.3.rel1.win32_1.0.100.202509120712/tools/bin/../lib/gcc/arm-none-eabi/13.3.1/thumb/v7e-m+fp/hard/crtbegin.o

.rodata         0x08017878      0x404
                0x08017878                        . = ALIGN (0x4)
 *(.rodata)
 .rodata        0x08017878       0x38 ./Drivers/STM32L4xx_HAL_Driver/Src/stm32l4xx_hal_adc.o
 .rodata        0x080178b0       0x3b ./Drivers/STM32L4xx_HAL_Driver/Src/stm32l4xx_hal_adc_ex.o
 *fill*         0x080178eb        0x1 
 .rodata        0x080178ec       0x3b ./Drivers/STM32L4xx_HAL_Driver/Src/stm32l4xx_hal_cortex.o
 *fill*         0x08017927        0x1 
 .rodata        0x08017928       0x3a ./Drivers/STM32L4xx_HAL_Driver/Src/stm32l4xx_hal_flash.o
 *fill*         0x08017962        0x2 
 .rodata        0x08017964       0x3d ./Drivers/STM32L4xx_HAL_Driver/Src/stm32l4xx_hal_flash_ex.o
 *fill*         0x080179a1        0x3 
 .rodata        0x080179a4       0x39 ./Drivers/STM32L4xx_HAL_Driver/Src/stm32l4xx_hal_gpio.o
 *fill*         0x080179dd        0x3 
 .rodata        0x080179e0       0x39 ./Drivers/STM32L4xx_HAL_Driver/Src/stm32l4xx_hal_iwdg.o
 *fill*         0x08017a19        0x3 
 .rodata        0x08017a1c       0x38 ./Drivers/STM32L4xx_HAL_Driver/Src/stm32l4xx_hal_pcd.o
 .rodata        0x08017a54       0x3b ./Drivers/STM32L4xx_HAL_Driver/Src/stm32l4xx_hal_pwr_ex.o
 *fill*         0x08017a8f        0x1 
 .rodata        0x08017a90       0x38 ./Drivers/STM32L4xx_HAL_Driver/Src/stm32l4xx_hal_rcc.o
 .rodata        0x08017ac8       0x3b ./Drivers/STM32L4xx_HAL_Driver/Src/stm32l4xx_hal_rcc_ex.o
 *fill*         0x08017b03        0x1 
 .rodata        0x08017b04       0x38 ./Drivers/STM32L4xx_HAL_Driver/Src/stm32l4xx_hal_spi.o
 .rodata        0x08017b3c       0x38 ./Drivers/STM32L4xx_HAL_Driver/Src/stm32l4xx_hal_tim.o
 .rodata        0x08017b74       0x3b ./Drivers/STM32L4xx_HAL_Driver/Src/stm32l4xx_hal_tim_ex.o
 *fill*         0x08017baf        0x1 
 .rodata        0x08017bb0       0x39 ./Drivers/STM32L4xx_HAL_Driver/Src/stm32l4xx_hal_uart.o
 *fill*         0x08017be9        0x3 
 .rodata        0x08017bec       0x46 ./USB_DEVICE/App/usbd_desc.o
 *(.rodata*)
 *fill*         0x08017c32        0x2 
 .rodata.AHBPrescTable
                0x08017c34       0x10 ./Core/Src/system_stm32l4xx.o
                0x08017c34                AHBPrescTable
 .rodata.APBPrescTable
                0x08017c44        0x8 ./Core/Src/system_stm32l4xx.o
                0x08017c44                APBPrescTable
 .rodata.MSIRangeTable
                0x08017c4c       0x30 ./Core/Src/system_stm32l4xx.o
                0x08017c4c                MSIRangeTable
                0x08017c7c                        . = ALIGN (0x4)

.ARM.extab      0x08017c7c        0x0
                0x08017c7c                        . = ALIGN (0x4)
 *(.ARM.extab* .gnu.linkonce.armextab.*)
                0x08017c7c                        . = ALIGN (0x4)

.ARM            0x08017c7c        0x8
                0x08017c7c                        . = ALIGN (0x4)
                0x08017c7c                        __exidx_start = .
 *(.ARM.exidx*)
 .ARM.exidx     0x08017c7c        0x8 C:/ST/STM32CubeIDE_2.0.0/STM32CubeIDE/plugins/com.st.stm32cube.ide.mcu.externaltools.gnu-tools-for-stm32.13.3.rel1.win32_1.0.100.202509120712/tools/bin/../lib/gcc/arm-none-eabi/13.3.1/thumb/v7e-m+fp/hard\libgcc.a(_udivmoddi4.o)
                0x08017c84                        __exidx_end = .
                0x08017c84                        . = ALIGN (0x4)

.preinit_array  0x08017c84        0x0
                0x08017c84                        . = ALIGN (0x4)
                0x08017c84                        PROVIDE (__preinit_array_start = .)
 *(.preinit_array*)
                0x08017c84                        PROVIDE (__preinit_array_end = .)
                0x08017c84                        . = ALIGN (0x4)

.init_array     0x08017c84        0x4
                0x08017c84                        . = ALIGN (0x4)
                0x08017c84                        PROVIDE (__init_array_start = .)
 *(SORT_BY_NAME(.init_array.*))
 *(.init_array*)
 .init_array    0x08017c84        0x4 C:/ST/STM32CubeIDE_2.0.0/STM32CubeIDE/plugins/com.st.stm32cube.ide.mcu.externaltools.gnu-tools-for-stm32.13.3.rel1.win32_1.0.100.202509120712/tools/bin/../lib/gcc/arm-none-eabi/13.3.1/thumb/v7e-m+fp/hard/crtbegin.o
                0x08017c88                        PROVIDE (__init_array_end = .)
                0x08017c88                        . = ALIGN (0x4)

.fini_array     0x08017c88        0x4
                0x08017c88                        . = ALIGN (0x4)
                [!provide]                        PROVIDE (__fini_array_start = .)
 *(SORT_BY_NAME(.fini_array.*))
 *(.fini_array*)
 .fini_array    0x08017c88        0x4 C:/ST/STM32CubeIDE_2.0.0/STM32CubeIDE/plugins/com.st.stm32cube.ide.mcu.externaltools.gnu-tools-for-stm32.13.3.rel1.win32_1.0.100.202509120712/tools/bin/../lib/gcc/arm-none-eabi/13.3.1/thumb/v7e-m+fp/hard/crtbegin.o
                [!provide]                        PROVIDE (__fini_array_end = .)
                0x08017c8c                        . = ALIGN (0x4)
                0x08017c8c                        _sidata = LOADADDR (.data)

.rel.dyn        0x08017c8c        0x0
 .rel.iplt      0x08017c8c        0x0 C:/ST/STM32CubeIDE_2.0.0/STM32CubeIDE/plugins/com.st.stm32cube.ide.mcu.externaltools.gnu-tools-for-stm32.13.3.rel1.win32_1.0.100.202509120712/tools/bin/../lib/gcc/arm-none-eabi/13.3.1/thumb/v7e-m+fp/hard/crtbegin.o

.data           0x20000000      0x1d8 load address 0x08017c8c
                0x20000000                        . = ALIGN (0x4)
                0x20000000                        _sdata = .
 *(.data)
 *(.data*)
 .data.ftu_config
                0x20000000       0x86 ./Core/Src/External_DAC.o
                0x20000000                ftu_config
 *fill*         0x20000086        0x2 
 .data.POST_SUCCESS
                0x20000088        0x3 ./Core/Src/Post.o
                0x20000088                POST_SUCCESS
 *fill*         0x2000008b        0x1 
 .data.App_Sig_Dword
                0x2000008c        0x8 ./Core/Src/main.o
                0x2000008c                App_Sig_Dword
 .data.g_CTRL_MODE
                0x20000094        0x1 ./Core/Src/main.o
                0x20000094                g_CTRL_MODE
 *fill*         0x20000095        0x3 
 .data.g_app_start_address
                0x20000098        0x4 ./Core/Src/main.o
                0x20000098                g_app_start_address
 .data.SystemCoreClock
                0x2000009c        0x4 ./Core/Src/system_stm32l4xx.o
                0x2000009c                SystemCoreClock
 .data.tx1_data
                0x200000a0        0x5 ./Core/Src/usart.o
                0x200000a0                tx1_data
 *fill*         0x200000a5        0x3 
 .data.tx2_data
                0x200000a8        0x5 ./Core/Src/usart.o
                0x200000a8                tx2_data
 *fill*         0x200000ad        0x3 
 .data.uwTickPrio
                0x200000b0        0x4 ./Drivers/STM32L4xx_HAL_Driver/Src/stm32l4xx_hal.o
                0x200000b0                uwTickPrio
 .data.uwTickFreq
                0x200000b4        0x1 ./Drivers/STM32L4xx_HAL_Driver/Src/stm32l4xx_hal.o
                0x200000b4                uwTickFreq
 *fill*         0x200000b5        0x3 
 .data.pFlash   0x200000b8       0x20 ./Drivers/STM32L4xx_HAL_Driver/Src/stm32l4xx_hal_flash.o
                0x200000b8                pFlash
 .data.USBD_CDC_DeviceQualifierDesc
                0x200000d8        0xa ./Middlewares/ST/STM32_USB_Device_Library/Class/CDC/Src/usbd_cdc.o
 *fill*         0x200000e2        0x2 
 .data.USBD_CDC
                0x200000e4       0x38 ./Middlewares/ST/STM32_USB_Device_Library/Class/CDC/Src/usbd_cdc.o
                0x200000e4                USBD_CDC
 .data.USBD_CDC_CfgDesc
                0x2000011c       0x43 ./Middlewares/ST/STM32_USB_Device_Library/Class/CDC/Src/usbd_cdc.o
 .data.CDCInEpAdd
                0x2000015f        0x1 ./Middlewares/ST/STM32_USB_Device_Library/Class/CDC/Src/usbd_cdc.o
 .data.CDCOutEpAdd
                0x20000160        0x1 ./Middlewares/ST/STM32_USB_Device_Library/Class/CDC/Src/usbd_cdc.o
 .data.CDCCmdEpAdd
                0x20000161        0x1 ./Middlewares/ST/STM32_USB_Device_Library/Class/CDC/Src/usbd_cdc.o
 *fill*         0x20000162        0x2 
 .data.USBD_Interface_fops_FS
                0x20000164       0x14 ./USB_DEVICE/App/usbd_cdc_if.o
                0x20000164                USBD_Interface_fops_FS
 .data.FS_Desc  0x20000178       0x20 ./USB_DEVICE/App/usbd_desc.o
                0x20000178                FS_Desc
 .data.USBD_FS_DeviceDesc
                0x20000198       0x12 ./USB_DEVICE/App/usbd_desc.o
                0x20000198                USBD_FS_DeviceDesc
 *fill*         0x200001aa        0x2 
 .data.USBD_FS_BOSDesc
                0x200001ac        0xc ./USB_DEVICE/App/usbd_desc.o
                0x200001ac                USBD_FS_BOSDesc
 .data.USBD_LangIDDesc
                0x200001b8        0x4 ./USB_DEVICE/App/usbd_desc.o
                0x200001b8                USBD_LangIDDesc
 .data.USBD_StringSerial
                0x200001bc       0x1a ./USB_DEVICE/App/usbd_desc.o
                0x200001bc                USBD_StringSerial
 *(.got)
 *(.got*)
 *(.igot*)
 .igot.plt      0x200001d6        0x0 C:/ST/STM32CubeIDE_2.0.0/STM32CubeIDE/plugins/com.st.stm32cube.ide.mcu.externaltools.gnu-tools-for-stm32.13.3.rel1.win32_1.0.100.202509120712/tools/bin/../lib/gcc/arm-none-eabi/13.3.1/thumb/v7e-m+fp/hard/crtbegin.o
 *(.RamFunc)
 *(.RamFunc*)
                0x200001d8                        . = ALIGN (0x4)
 *fill*         0x200001d6        0x2 
                0x200001d8                        _edata = .
                0x200001d8                        . = ALIGN (0x4)

.bss            0x200001d8     0x2e80 load address 0x08017e64
                0x200001d8                        _sbss = .
                0x200001d8                        __bss_start__ = _sbss
 *(.bss)
 .bss           0x200001d8       0x1c C:/ST/STM32CubeIDE_2.0.0/STM32CubeIDE/plugins/com.st.stm32cube.ide.mcu.externaltools.gnu-tools-for-stm32.13.3.rel1.win32_1.0.100.202509120712/tools/bin/../lib/gcc/arm-none-eabi/13.3.1/thumb/v7e-m+fp/hard/crtbegin.o
 *(.bss*)
 .bss.g_Hex_dis
                0x200001f4        0x2 ./Core/Src/Display.o
                0x200001f4                g_Hex_dis
 *fill*         0x200001f6        0x2 
 .bss.ADC_ExtReceive
                0x200001f8        0x2 ./Core/Src/External_ADC.o
                0x200001f8                ADC_ExtReceive
 *fill*         0x200001fa        0x2 
 .bss.ADC_ManualMode_Bits
                0x200001fc        0x2 ./Core/Src/External_ADC.o
                0x200001fc                ADC_ManualMode_Bits
 *fill*         0x200001fe        0x2 
 .bss.g_ExtADC_Value
                0x20000200       0x3c ./Core/Src/External_ADC.o
                0x20000200                g_ExtADC_Value
 .bss.post_CRC_word
                0x2000023c        0x2 ./Core/Src/Post.o
                0x2000023c                post_CRC_word
 *fill*         0x2000023e        0x2 
 .bss.g_POST_Status
                0x20000240        0x3 ./Core/Src/Post.o
                0x20000240                g_POST_Status
 *fill*         0x20000243        0x1 
 .bss.buffer.0  0x20000244      0x400 ./Core/Src/Post.o
 .bss.hadc1     0x20000644       0x68 ./Core/Src/adc.o
                0x20000644                hadc1
 .bss.hiwdg     0x200006ac       0x10 ./Core/Src/iwdg.o
                0x200006ac                hiwdg
 .bss.post_start_time
                0x200006bc        0x4 ./Core/Src/main.o
                0x200006bc                post_start_time
 .bss.ret       0x200006c0        0x1 ./Core/Src/main.o
                0x200006c0                ret
 *fill*         0x200006c1        0x3 
 .bss.SectorError
                0x200006c4        0x4 ./Core/Src/main.o
                0x200006c4                SectorError
 .bss.g_CRC_word
                0x200006c8        0x2 ./Core/Src/main.o
                0x200006c8                g_CRC_word
 .bss.g_Boot_Code_CRC
                0x200006ca        0x2 ./Core/Src/main.o
                0x200006ca                g_Boot_Code_CRC
 .bss.g_APP_Code_CRC
                0x200006cc        0x2 ./Core/Src/main.o
                0x200006cc                g_APP_Code_CRC
 .bss.g_checkCRC_word
                0x200006ce        0x2 ./Core/Src/main.o
                0x200006ce                g_checkCRC_word
 .bss.g_tx_buffer
                0x200006d0       0x40 ./Core/Src/main.o
                0x200006d0                g_tx_buffer
 .bss.g_app_size
                0x20000710        0x4 ./Core/Src/main.o
                0x20000710                g_app_size
 .bss.loopSwitch
                0x20000714        0x1 ./Core/Src/main.o